[2024-02-18T20:43:06.845+0900][gc] Using G1
[2024-02-18T20:43:06.850+0900][gc,init] Version: 17.0.9+9-jvmci-23.0-b22 (release)
[2024-02-18T20:43:06.850+0900][gc,init] CPUs: 8 total, 8 available
[2024-02-18T20:43:06.850+0900][gc,init] Memory: 16384M
[2024-02-18T20:43:06.850+0900][gc,init] Large Page Support: Disabled
[2024-02-18T20:43:06.850+0900][gc,init] NUMA Support: Disabled
[2024-02-18T20:43:06.850+0900][gc,init] Compressed Oops: Enabled (Zero based)
[2024-02-18T20:43:06.850+0900][gc,init] Heap Region Size: 1M
[2024-02-18T20:43:06.850+0900][gc,init] Heap Min Capacity: 1G
[2024-02-18T20:43:06.850+0900][gc,init] Heap Initial Capacity: 1G
[2024-02-18T20:43:06.850+0900][gc,init] Heap Max Capacity: 1G
[2024-02-18T20:43:06.850+0900][gc,init] Pre-touch: Disabled
[2024-02-18T20:43:06.850+0900][gc,init] Parallel Workers: 8
[2024-02-18T20:43:06.850+0900][gc,init] Concurrent Workers: 2
[2024-02-18T20:43:06.850+0900][gc,init] Concurrent Refinement Workers: 8
[2024-02-18T20:43:06.850+0900][gc,init] Periodic GC: Disabled
[2024-02-18T20:43:06.855+0900][gc,metaspace] CDS archive(s) mapped at: [0x000000012a000000-0x000000012aba8000-0x000000012aba8000), size 12222464, SharedBaseAddress: 0x000000012a000000, ArchiveRelocationMode: 1.
[2024-02-18T20:43:06.855+0900][gc,metaspace] Compressed class space mapped at: 0x000000012b000000-0x000000016b000000, reserved size: 1073741824
[2024-02-18T20:43:06.855+0900][gc,metaspace] Narrow klass base: 0x000000012a000000, Narrow klass shift: 0, Narrow klass range: 0x100000000
[2024-02-18T20:43:08.233+0900][gc,start    ] GC(0) Pause Young (Normal) (G1 Evacuation Pause)
[2024-02-18T20:43:08.233+0900][gc,task     ] GC(0) Using 8 workers of 8 for evacuation
[2024-02-18T20:43:08.243+0900][gc,phases   ] GC(0)   Pre Evacuate Collection Set: 0.1ms
[2024-02-18T20:43:08.243+0900][gc,phases   ] GC(0)   Merge Heap Roots: 0.1ms
[2024-02-18T20:43:08.243+0900][gc,phases   ] GC(0)   Evacuate Collection Set: 9.1ms
[2024-02-18T20:43:08.243+0900][gc,phases   ] GC(0)   Post Evacuate Collection Set: 0.4ms
[2024-02-18T20:43:08.243+0900][gc,phases   ] GC(0)   Other: 0.5ms
[2024-02-18T20:43:08.243+0900][gc,heap     ] GC(0) Eden regions: 51->0(44)
[2024-02-18T20:43:08.243+0900][gc,heap     ] GC(0) Survivor regions: 0->7(7)
[2024-02-18T20:43:08.243+0900][gc,heap     ] GC(0) Old regions: 0->2
[2024-02-18T20:43:08.243+0900][gc,heap     ] GC(0) Archive regions: 2->2
[2024-02-18T20:43:08.243+0900][gc,heap     ] GC(0) Humongous regions: 0->0
[2024-02-18T20:43:08.243+0900][gc,metaspace] GC(0) Metaspace: 18163K(18368K)->18163K(18368K) NonClass: 16081K(16192K)->16081K(16192K) Class: 2081K(2176K)->2081K(2176K)
[2024-02-18T20:43:08.243+0900][gc          ] GC(0) Pause Young (Normal) (G1 Evacuation Pause) 51M->8M(1024M) 10.332ms
[2024-02-18T20:43:08.243+0900][gc,cpu      ] GC(0) User=0.02s Sys=0.01s Real=0.01s
[2024-02-18T20:43:08.561+0900][gc,start    ] GC(1) Pause Young (Concurrent Start) (Metadata GC Threshold)
[2024-02-18T20:43:08.561+0900][gc,task     ] GC(1) Using 8 workers of 8 for evacuation
[2024-02-18T20:43:08.568+0900][gc,phases   ] GC(1)   Pre Evacuate Collection Set: 0.2ms
[2024-02-18T20:43:08.568+0900][gc,phases   ] GC(1)   Merge Heap Roots: 0.0ms
[2024-02-18T20:43:08.568+0900][gc,phases   ] GC(1)   Evacuate Collection Set: 6.3ms
[2024-02-18T20:43:08.568+0900][gc,phases   ] GC(1)   Post Evacuate Collection Set: 0.2ms
[2024-02-18T20:43:08.568+0900][gc,phases   ] GC(1)   Other: 0.2ms
[2024-02-18T20:43:08.568+0900][gc,heap     ] GC(1) Eden regions: 14->0(49)
[2024-02-18T20:43:08.568+0900][gc,heap     ] GC(1) Survivor regions: 7->2(7)
[2024-02-18T20:43:08.568+0900][gc,heap     ] GC(1) Old regions: 2->8
[2024-02-18T20:43:08.568+0900][gc,heap     ] GC(1) Archive regions: 2->2
[2024-02-18T20:43:08.568+0900][gc,heap     ] GC(1) Humongous regions: 129->129
[2024-02-18T20:43:08.568+0900][gc,metaspace] GC(1) Metaspace: 21338K(21504K)->21338K(21504K) NonClass: 18860K(18944K)->18860K(18944K) Class: 2477K(2560K)->2477K(2560K)
[2024-02-18T20:43:08.568+0900][gc          ] GC(1) Pause Young (Concurrent Start) (Metadata GC Threshold) 151M->139M(1024M) 7.008ms
[2024-02-18T20:43:08.568+0900][gc,cpu      ] GC(1) User=0.02s Sys=0.01s Real=0.00s
[2024-02-18T20:43:08.569+0900][gc          ] GC(2) Concurrent Mark Cycle
[2024-02-18T20:43:08.569+0900][gc,marking  ] GC(2) Concurrent Clear Claimed Marks
[2024-02-18T20:43:08.569+0900][gc,marking  ] GC(2) Concurrent Clear Claimed Marks 0.013ms
[2024-02-18T20:43:08.569+0900][gc,marking  ] GC(2) Concurrent Scan Root Regions
[2024-02-18T20:43:08.570+0900][gc,marking  ] GC(2) Concurrent Scan Root Regions 1.816ms
[2024-02-18T20:43:08.570+0900][gc,marking  ] GC(2) Concurrent Mark
[2024-02-18T20:43:08.570+0900][gc,marking  ] GC(2) Concurrent Mark From Roots
[2024-02-18T20:43:08.570+0900][gc,task     ] GC(2) Using 2 workers of 2 for marking
[2024-02-18T20:43:08.572+0900][gc,marking  ] GC(2) Concurrent Mark From Roots 1.427ms
[2024-02-18T20:43:08.572+0900][gc,marking  ] GC(2) Concurrent Preclean
[2024-02-18T20:43:08.572+0900][gc,marking  ] GC(2) Concurrent Preclean 0.031ms
[2024-02-18T20:43:08.573+0900][gc,start    ] GC(2) Pause Remark
[2024-02-18T20:43:08.582+0900][gc          ] GC(2) Pause Remark 139M->139M(1024M) 8.788ms
[2024-02-18T20:43:08.582+0900][gc,cpu      ] GC(2) User=0.01s Sys=0.01s Real=0.01s
[2024-02-18T20:43:08.582+0900][gc,marking  ] GC(2) Concurrent Mark 11.188ms
[2024-02-18T20:43:08.582+0900][gc,marking  ] GC(2) Concurrent Rebuild Remembered Sets
[2024-02-18T20:43:08.582+0900][gc,marking  ] GC(2) Concurrent Rebuild Remembered Sets 0.009ms
[2024-02-18T20:43:08.582+0900][gc,start    ] GC(2) Pause Cleanup
[2024-02-18T20:43:08.582+0900][gc          ] GC(2) Pause Cleanup 139M->139M(1024M) 0.012ms
[2024-02-18T20:43:08.582+0900][gc,cpu      ] GC(2) User=0.00s Sys=0.00s Real=0.00s
[2024-02-18T20:43:08.582+0900][gc,marking  ] GC(2) Concurrent Cleanup for Next Mark
[2024-02-18T20:43:08.585+0900][gc,marking  ] GC(2) Concurrent Cleanup for Next Mark 3.017ms
[2024-02-18T20:43:08.585+0900][gc          ] GC(2) Concurrent Mark Cycle 16.584ms
[2024-02-18T20:43:09.332+0900][gc,start    ] GC(3) Pause Young (Normal) (G1 Evacuation Pause)
[2024-02-18T20:43:09.332+0900][gc,task     ] GC(3) Using 8 workers of 8 for evacuation
[2024-02-18T20:43:09.336+0900][gc,phases   ] GC(3)   Pre Evacuate Collection Set: 0.1ms
[2024-02-18T20:43:09.336+0900][gc,phases   ] GC(3)   Merge Heap Roots: 0.1ms
[2024-02-18T20:43:09.336+0900][gc,phases   ] GC(3)   Evacuate Collection Set: 3.8ms
[2024-02-18T20:43:09.336+0900][gc,phases   ] GC(3)   Post Evacuate Collection Set: 0.4ms
[2024-02-18T20:43:09.336+0900][gc,phases   ] GC(3)   Other: 0.5ms
[2024-02-18T20:43:09.336+0900][gc,heap     ] GC(3) Eden regions: 49->0(45)
[2024-02-18T20:43:09.336+0900][gc,heap     ] GC(3) Survivor regions: 2->6(7)
[2024-02-18T20:43:09.336+0900][gc,heap     ] GC(3) Old regions: 8->8
[2024-02-18T20:43:09.336+0900][gc,heap     ] GC(3) Archive regions: 2->2
[2024-02-18T20:43:09.336+0900][gc,heap     ] GC(3) Humongous regions: 129->129
[2024-02-18T20:43:09.336+0900][gc,metaspace] GC(3) Metaspace: 32520K(32768K)->32520K(32768K) NonClass: 29031K(29184K)->29031K(29184K) Class: 3489K(3584K)->3489K(3584K)
[2024-02-18T20:43:09.336+0900][gc          ] GC(3) Pause Young (Normal) (G1 Evacuation Pause) 188M->143M(1024M) 4.658ms
[2024-02-18T20:43:09.336+0900][gc,cpu      ] GC(3) User=0.01s Sys=0.00s Real=0.00s
[2024-02-18T20:43:18.287+0900][gc,start    ] GC(4) Pause Young (Concurrent Start) (Metadata GC Threshold)
[2024-02-18T20:43:18.287+0900][gc,task     ] GC(4) Using 8 workers of 8 for evacuation
[2024-02-18T20:43:18.295+0900][gc,phases   ] GC(4)   Pre Evacuate Collection Set: 0.2ms
[2024-02-18T20:43:18.295+0900][gc,phases   ] GC(4)   Merge Heap Roots: 0.1ms
[2024-02-18T20:43:18.295+0900][gc,phases   ] GC(4)   Evacuate Collection Set: 7.5ms
[2024-02-18T20:43:18.295+0900][gc,phases   ] GC(4)   Post Evacuate Collection Set: 0.6ms
[2024-02-18T20:43:18.295+0900][gc,phases   ] GC(4)   Other: 0.4ms
[2024-02-18T20:43:18.295+0900][gc,heap     ] GC(4) Eden regions: 16->0(49)
[2024-02-18T20:43:18.295+0900][gc,heap     ] GC(4) Survivor regions: 6->2(7)
[2024-02-18T20:43:18.295+0900][gc,heap     ] GC(4) Old regions: 8->14
[2024-02-18T20:43:18.295+0900][gc,heap     ] GC(4) Archive regions: 2->2
[2024-02-18T20:43:18.295+0900][gc,heap     ] GC(4) Humongous regions: 129->129
[2024-02-18T20:43:18.295+0900][gc,metaspace] GC(4) Metaspace: 35794K(36096K)->35794K(36096K) NonClass: 31839K(32000K)->31839K(32000K) Class: 3955K(4096K)->3955K(4096K)
[2024-02-18T20:43:18.295+0900][gc          ] GC(4) Pause Young (Concurrent Start) (Metadata GC Threshold) 159M->144M(1024M) 8.803ms
[2024-02-18T20:43:18.295+0900][gc,cpu      ] GC(4) User=0.02s Sys=0.01s Real=0.01s
[2024-02-18T20:43:18.295+0900][gc          ] GC(5) Concurrent Mark Cycle
[2024-02-18T20:43:18.295+0900][gc,marking  ] GC(5) Concurrent Clear Claimed Marks
[2024-02-18T20:43:18.295+0900][gc,marking  ] GC(5) Concurrent Clear Claimed Marks 0.021ms
[2024-02-18T20:43:18.295+0900][gc,marking  ] GC(5) Concurrent Scan Root Regions
[2024-02-18T20:43:18.297+0900][gc,marking  ] GC(5) Concurrent Scan Root Regions 1.865ms
[2024-02-18T20:43:18.297+0900][gc,marking  ] GC(5) Concurrent Mark
[2024-02-18T20:43:18.297+0900][gc,marking  ] GC(5) Concurrent Mark From Roots
[2024-02-18T20:43:18.297+0900][gc,task     ] GC(5) Using 2 workers of 2 for marking
[2024-02-18T20:43:18.302+0900][gc,marking  ] GC(5) Concurrent Mark From Roots 4.633ms
[2024-02-18T20:43:18.302+0900][gc,marking  ] GC(5) Concurrent Preclean
[2024-02-18T20:43:18.302+0900][gc,marking  ] GC(5) Concurrent Preclean 0.058ms
[2024-02-18T20:43:18.303+0900][gc,start    ] GC(5) Pause Remark
[2024-02-18T20:43:18.321+0900][gc          ] GC(5) Pause Remark 144M->144M(1024M) 18.676ms
[2024-02-18T20:43:18.321+0900][gc,cpu      ] GC(5) User=0.02s Sys=0.01s Real=0.02s
[2024-02-18T20:43:18.322+0900][gc,marking  ] GC(5) Concurrent Mark 24.227ms
[2024-02-18T20:43:18.322+0900][gc,marking  ] GC(5) Concurrent Rebuild Remembered Sets
[2024-02-18T20:43:18.325+0900][gc,marking  ] GC(5) Concurrent Rebuild Remembered Sets 3.243ms
[2024-02-18T20:43:18.326+0900][gc,start    ] GC(5) Pause Cleanup
[2024-02-18T20:43:18.326+0900][gc          ] GC(5) Pause Cleanup 144M->144M(1024M) 0.111ms
[2024-02-18T20:43:18.326+0900][gc,cpu      ] GC(5) User=0.00s Sys=0.00s Real=0.00s
[2024-02-18T20:43:18.326+0900][gc,marking  ] GC(5) Concurrent Cleanup for Next Mark
[2024-02-18T20:43:18.329+0900][gc,marking  ] GC(5) Concurrent Cleanup for Next Mark 2.929ms
[2024-02-18T20:43:18.329+0900][gc          ] GC(5) Concurrent Mark Cycle 33.694ms
[2024-02-18T20:48:55.284+0900][gc,start    ] GC(6) Pause Young (Normal) (G1 Evacuation Pause)
[2024-02-18T20:48:55.285+0900][gc,task     ] GC(6) Using 8 workers of 8 for evacuation
[2024-02-18T20:48:55.307+0900][gc,mmu      ] GC(6) MMU target violated: 21.0ms (20.0ms/21.0ms)
[2024-02-18T20:48:55.307+0900][gc,phases   ] GC(6)   Pre Evacuate Collection Set: 0.1ms
[2024-02-18T20:48:55.307+0900][gc,phases   ] GC(6)   Merge Heap Roots: 0.1ms
[2024-02-18T20:48:55.307+0900][gc,phases   ] GC(6)   Evacuate Collection Set: 21.3ms
[2024-02-18T20:48:55.307+0900][gc,phases   ] GC(6)   Post Evacuate Collection Set: 0.5ms
[2024-02-18T20:48:55.307+0900][gc,phases   ] GC(6)   Other: 1.2ms
[2024-02-18T20:48:55.307+0900][gc,heap     ] GC(6) Eden regions: 49->0(47)
[2024-02-18T20:48:55.307+0900][gc,heap     ] GC(6) Survivor regions: 2->4(7)
[2024-02-18T20:48:55.307+0900][gc,heap     ] GC(6) Old regions: 14->14
[2024-02-18T20:48:55.307+0900][gc,heap     ] GC(6) Archive regions: 2->2
[2024-02-18T20:48:55.307+0900][gc,heap     ] GC(6) Humongous regions: 129->129
[2024-02-18T20:48:55.307+0900][gc,metaspace] GC(6) Metaspace: 39866K(40320K)->39866K(40320K) NonClass: 35495K(35776K)->35495K(35776K) Class: 4371K(4544K)->4371K(4544K)
[2024-02-18T20:48:55.307+0900][gc          ] GC(6) Pause Young (Normal) (G1 Evacuation Pause) 193M->146M(1024M) 23.358ms
[2024-02-18T20:48:55.307+0900][gc,cpu      ] GC(6) User=0.04s Sys=0.02s Real=0.02s
[2024-02-18T20:56:19.730+0900][gc,start    ] GC(7) Pause Young (Normal) (G1 Evacuation Pause)
[2024-02-18T20:56:19.731+0900][gc,task     ] GC(7) Using 8 workers of 8 for evacuation
[2024-02-18T20:56:19.752+0900][gc,mmu      ] GC(7) MMU target violated: 21.0ms (20.0ms/21.0ms)
[2024-02-18T20:56:19.752+0900][gc,phases   ] GC(7)   Pre Evacuate Collection Set: 0.3ms
[2024-02-18T20:56:19.752+0900][gc,phases   ] GC(7)   Merge Heap Roots: 0.1ms
[2024-02-18T20:56:19.752+0900][gc,phases   ] GC(7)   Evacuate Collection Set: 20.2ms
[2024-02-18T20:56:19.752+0900][gc,phases   ] GC(7)   Post Evacuate Collection Set: 0.5ms
[2024-02-18T20:56:19.752+0900][gc,phases   ] GC(7)   Other: 1.4ms
[2024-02-18T20:56:19.752+0900][gc,heap     ] GC(7) Eden regions: 47->0(47)
[2024-02-18T20:56:19.752+0900][gc,heap     ] GC(7) Survivor regions: 4->4(7)
[2024-02-18T20:56:19.752+0900][gc,heap     ] GC(7) Old regions: 14->14
[2024-02-18T20:56:19.752+0900][gc,heap     ] GC(7) Archive regions: 2->2
[2024-02-18T20:56:19.752+0900][gc,heap     ] GC(7) Humongous regions: 129->129
[2024-02-18T20:56:19.752+0900][gc,metaspace] GC(7) Metaspace: 39995K(40512K)->39995K(40512K) NonClass: 35619K(35904K)->35619K(35904K) Class: 4376K(4608K)->4376K(4608K)
[2024-02-18T20:56:19.753+0900][gc          ] GC(7) Pause Young (Normal) (G1 Evacuation Pause) 193M->146M(1024M) 22.505ms
[2024-02-18T20:56:19.753+0900][gc,cpu      ] GC(7) User=0.05s Sys=0.02s Real=0.02s
[2024-02-18T21:04:14.177+0900][gc,start    ] GC(8) Pause Young (Normal) (G1 Evacuation Pause)
[2024-02-18T21:04:14.177+0900][gc,task     ] GC(8) Using 8 workers of 8 for evacuation
[2024-02-18T21:04:14.198+0900][gc,mmu      ] GC(8) MMU target violated: 21.0ms (20.0ms/21.0ms)
[2024-02-18T21:04:14.198+0900][gc,phases   ] GC(8)   Pre Evacuate Collection Set: 0.2ms
[2024-02-18T21:04:14.198+0900][gc,phases   ] GC(8)   Merge Heap Roots: 0.1ms
[2024-02-18T21:04:14.198+0900][gc,phases   ] GC(8)   Evacuate Collection Set: 19.7ms
[2024-02-18T21:04:14.198+0900][gc,phases   ] GC(8)   Post Evacuate Collection Set: 1.0ms
[2024-02-18T21:04:14.199+0900][gc,phases   ] GC(8)   Other: 0.8ms
[2024-02-18T21:04:14.199+0900][gc,heap     ] GC(8) Eden regions: 47->0(46)
[2024-02-18T21:04:14.199+0900][gc,heap     ] GC(8) Survivor regions: 4->5(7)
[2024-02-18T21:04:14.199+0900][gc,heap     ] GC(8) Old regions: 14->14
[2024-02-18T21:04:14.199+0900][gc,heap     ] GC(8) Archive regions: 2->2
[2024-02-18T21:04:14.199+0900][gc,heap     ] GC(8) Humongous regions: 129->129
[2024-02-18T21:04:14.199+0900][gc,metaspace] GC(8) Metaspace: 40089K(40576K)->40089K(40576K) NonClass: 35712K(35968K)->35712K(35968K) Class: 4376K(4608K)->4376K(4608K)
[2024-02-18T21:04:14.199+0900][gc          ] GC(8) Pause Young (Normal) (G1 Evacuation Pause) 193M->147M(1024M) 22.023ms
[2024-02-18T21:04:14.199+0900][gc,cpu      ] GC(8) User=0.04s Sys=0.01s Real=0.02s
[2024-02-18T21:10:20.470+0900][gc,start    ] GC(9) Pause Young (Normal) (G1 Evacuation Pause)
[2024-02-18T21:10:20.471+0900][gc,task     ] GC(9) Using 8 workers of 8 for evacuation
[2024-02-18T21:10:20.509+0900][gc,mmu      ] GC(9) MMU target violated: 21.0ms (20.0ms/21.0ms)
[2024-02-18T21:10:20.509+0900][gc,phases   ] GC(9)   Pre Evacuate Collection Set: 0.6ms
[2024-02-18T21:10:20.509+0900][gc,phases   ] GC(9)   Merge Heap Roots: 0.2ms
[2024-02-18T21:10:20.509+0900][gc,phases   ] GC(9)   Evacuate Collection Set: 35.7ms
[2024-02-18T21:10:20.509+0900][gc,phases   ] GC(9)   Post Evacuate Collection Set: 1.0ms
[2024-02-18T21:10:20.509+0900][gc,phases   ] GC(9)   Other: 1.6ms
[2024-02-18T21:10:20.509+0900][gc,heap     ] GC(9) Eden regions: 46->0(56)
[2024-02-18T21:10:20.509+0900][gc,heap     ] GC(9) Survivor regions: 5->5(7)
[2024-02-18T21:10:20.509+0900][gc,heap     ] GC(9) Old regions: 14->15
[2024-02-18T21:10:20.509+0900][gc,heap     ] GC(9) Archive regions: 2->2
[2024-02-18T21:10:20.509+0900][gc,heap     ] GC(9) Humongous regions: 129->129
[2024-02-18T21:10:20.509+0900][gc,metaspace] GC(9) Metaspace: 40569K(40960K)->40569K(40960K) NonClass: 36139K(36352K)->36139K(36352K) Class: 4430K(4608K)->4430K(4608K)
[2024-02-18T21:10:20.509+0900][gc          ] GC(9) Pause Young (Normal) (G1 Evacuation Pause) 193M->148M(1024M) 39.057ms
[2024-02-18T21:10:20.509+0900][gc,cpu      ] GC(9) User=0.07s Sys=0.04s Real=0.03s
[2024-02-18T21:17:32.333+0900][gc,start    ] GC(10) Pause Young (Normal) (G1 Evacuation Pause)
[2024-02-18T21:17:32.334+0900][gc,task     ] GC(10) Using 8 workers of 8 for evacuation
[2024-02-18T21:17:32.366+0900][gc,mmu      ] GC(10) MMU target violated: 21.0ms (20.0ms/21.0ms)
[2024-02-18T21:17:32.366+0900][gc,phases   ] GC(10)   Pre Evacuate Collection Set: 0.5ms
[2024-02-18T21:17:32.366+0900][gc,phases   ] GC(10)   Merge Heap Roots: 0.2ms
[2024-02-18T21:17:32.366+0900][gc,phases   ] GC(10)   Evacuate Collection Set: 30.1ms
[2024-02-18T21:17:32.366+0900][gc,phases   ] GC(10)   Post Evacuate Collection Set: 0.8ms
[2024-02-18T21:17:32.366+0900][gc,phases   ] GC(10)   Other: 1.7ms
[2024-02-18T21:17:32.366+0900][gc,heap     ] GC(10) Eden regions: 56->0(241)
[2024-02-18T21:17:32.366+0900][gc,heap     ] GC(10) Survivor regions: 5->4(8)
[2024-02-18T21:17:32.366+0900][gc,heap     ] GC(10) Old regions: 15->15
[2024-02-18T21:17:32.366+0900][gc,heap     ] GC(10) Archive regions: 2->2
[2024-02-18T21:17:32.366+0900][gc,heap     ] GC(10) Humongous regions: 129->129
[2024-02-18T21:17:32.366+0900][gc,metaspace] GC(10) Metaspace: 41364K(41792K)->41364K(41792K) NonClass: 36810K(37056K)->36810K(37056K) Class: 4553K(4736K)->4553K(4736K)
[2024-02-18T21:17:32.366+0900][gc          ] GC(10) Pause Young (Normal) (G1 Evacuation Pause) 204M->147M(1024M) 33.365ms
[2024-02-18T21:17:32.366+0900][gc,cpu      ] GC(10) User=0.06s Sys=0.02s Real=0.03s
