[2024-02-18T14:01:47.966+0900][gc] Using G1
[2024-02-18T14:01:47.970+0900][gc,init] Version: 17.0.9+9-jvmci-23.0-b22 (release)
[2024-02-18T14:01:47.970+0900][gc,init] CPUs: 8 total, 8 available
[2024-02-18T14:01:47.970+0900][gc,init] Memory: 16384M
[2024-02-18T14:01:47.970+0900][gc,init] Large Page Support: Disabled
[2024-02-18T14:01:47.970+0900][gc,init] NUMA Support: Disabled
[2024-02-18T14:01:47.970+0900][gc,init] Compressed Oops: Enabled (Zero based)
[2024-02-18T14:01:47.970+0900][gc,init] Heap Region Size: 1M
[2024-02-18T14:01:47.970+0900][gc,init] Heap Min Capacity: 1G
[2024-02-18T14:01:47.970+0900][gc,init] Heap Initial Capacity: 1G
[2024-02-18T14:01:47.970+0900][gc,init] Heap Max Capacity: 1G
[2024-02-18T14:01:47.971+0900][gc,init] Pre-touch: Disabled
[2024-02-18T14:01:47.971+0900][gc,init] Parallel Workers: 8
[2024-02-18T14:01:47.971+0900][gc,init] Concurrent Workers: 2
[2024-02-18T14:01:47.971+0900][gc,init] Concurrent Refinement Workers: 8
[2024-02-18T14:01:47.971+0900][gc,init] Periodic GC: Disabled
[2024-02-18T14:01:47.975+0900][gc,metaspace] CDS archive(s) mapped at: [0x000000012e000000-0x000000012eba8000-0x000000012eba8000), size 12222464, SharedBaseAddress: 0x000000012e000000, ArchiveRelocationMode: 1.
[2024-02-18T14:01:47.975+0900][gc,metaspace] Compressed class space mapped at: 0x000000012f000000-0x000000016f000000, reserved size: 1073741824
[2024-02-18T14:01:47.975+0900][gc,metaspace] Narrow klass base: 0x000000012e000000, Narrow klass shift: 0, Narrow klass range: 0x100000000
[2024-02-18T14:01:49.382+0900][gc,start    ] GC(0) Pause Young (Normal) (G1 Evacuation Pause)
[2024-02-18T14:01:49.382+0900][gc,task     ] GC(0) Using 8 workers of 8 for evacuation
[2024-02-18T14:01:49.393+0900][gc,phases   ] GC(0)   Pre Evacuate Collection Set: 0.1ms
[2024-02-18T14:01:49.393+0900][gc,phases   ] GC(0)   Merge Heap Roots: 0.1ms
[2024-02-18T14:01:49.393+0900][gc,phases   ] GC(0)   Evacuate Collection Set: 9.4ms
[2024-02-18T14:01:49.393+0900][gc,phases   ] GC(0)   Post Evacuate Collection Set: 0.4ms
[2024-02-18T14:01:49.393+0900][gc,phases   ] GC(0)   Other: 0.5ms
[2024-02-18T14:01:49.393+0900][gc,heap     ] GC(0) Eden regions: 51->0(44)
[2024-02-18T14:01:49.393+0900][gc,heap     ] GC(0) Survivor regions: 0->7(7)
[2024-02-18T14:01:49.393+0900][gc,heap     ] GC(0) Old regions: 0->1
[2024-02-18T14:01:49.393+0900][gc,heap     ] GC(0) Archive regions: 2->2
[2024-02-18T14:01:49.393+0900][gc,heap     ] GC(0) Humongous regions: 0->0
[2024-02-18T14:01:49.393+0900][gc,metaspace] GC(0) Metaspace: 18168K(18368K)->18168K(18368K) NonClass: 16085K(16192K)->16085K(16192K) Class: 2083K(2176K)->2083K(2176K)
[2024-02-18T14:01:49.393+0900][gc          ] GC(0) Pause Young (Normal) (G1 Evacuation Pause) 51M->8M(1024M) 10.604ms
[2024-02-18T14:01:49.393+0900][gc,cpu      ] GC(0) User=0.02s Sys=0.01s Real=0.01s
[2024-02-18T14:01:49.667+0900][gc,start    ] GC(1) Pause Young (Concurrent Start) (Metadata GC Threshold)
[2024-02-18T14:01:49.667+0900][gc,task     ] GC(1) Using 8 workers of 8 for evacuation
[2024-02-18T14:01:49.674+0900][gc,phases   ] GC(1)   Pre Evacuate Collection Set: 0.1ms
[2024-02-18T14:01:49.674+0900][gc,phases   ] GC(1)   Merge Heap Roots: 0.1ms
[2024-02-18T14:01:49.674+0900][gc,phases   ] GC(1)   Evacuate Collection Set: 7.0ms
[2024-02-18T14:01:49.674+0900][gc,phases   ] GC(1)   Post Evacuate Collection Set: 0.3ms
[2024-02-18T14:01:49.674+0900][gc,phases   ] GC(1)   Other: 0.2ms
[2024-02-18T14:01:49.674+0900][gc,heap     ] GC(1) Eden regions: 13->0(50)
[2024-02-18T14:01:49.674+0900][gc,heap     ] GC(1) Survivor regions: 7->1(7)
[2024-02-18T14:01:49.674+0900][gc,heap     ] GC(1) Old regions: 1->8
[2024-02-18T14:01:49.674+0900][gc,heap     ] GC(1) Archive regions: 2->2
[2024-02-18T14:01:49.674+0900][gc,heap     ] GC(1) Humongous regions: 0->0
[2024-02-18T14:01:49.674+0900][gc,metaspace] GC(1) Metaspace: 21330K(21504K)->21330K(21504K) NonClass: 18834K(18944K)->18834K(18944K) Class: 2495K(2560K)->2495K(2560K)
[2024-02-18T14:01:49.674+0900][gc          ] GC(1) Pause Young (Concurrent Start) (Metadata GC Threshold) 20M->9M(1024M) 7.798ms
[2024-02-18T14:01:49.674+0900][gc,cpu      ] GC(1) User=0.01s Sys=0.01s Real=0.01s
[2024-02-18T14:01:49.675+0900][gc          ] GC(2) Concurrent Mark Cycle
[2024-02-18T14:01:49.675+0900][gc,marking  ] GC(2) Concurrent Clear Claimed Marks
[2024-02-18T14:01:49.675+0900][gc,marking  ] GC(2) Concurrent Clear Claimed Marks 0.012ms
[2024-02-18T14:01:49.675+0900][gc,marking  ] GC(2) Concurrent Scan Root Regions
[2024-02-18T14:01:49.677+0900][gc,marking  ] GC(2) Concurrent Scan Root Regions 1.928ms
[2024-02-18T14:01:49.677+0900][gc,marking  ] GC(2) Concurrent Mark
[2024-02-18T14:01:49.677+0900][gc,marking  ] GC(2) Concurrent Mark From Roots
[2024-02-18T14:01:49.677+0900][gc,task     ] GC(2) Using 2 workers of 2 for marking
[2024-02-18T14:01:49.679+0900][gc,marking  ] GC(2) Concurrent Mark From Roots 2.423ms
[2024-02-18T14:01:49.679+0900][gc,marking  ] GC(2) Concurrent Preclean
[2024-02-18T14:01:49.680+0900][gc,marking  ] GC(2) Concurrent Preclean 0.039ms
[2024-02-18T14:01:49.680+0900][gc,start    ] GC(2) Pause Remark
[2024-02-18T14:01:49.686+0900][gc          ] GC(2) Pause Remark 9M->9M(1024M) 6.322ms
[2024-02-18T14:01:49.686+0900][gc,cpu      ] GC(2) User=0.00s Sys=0.01s Real=0.00s
[2024-02-18T14:01:49.686+0900][gc,marking  ] GC(2) Concurrent Mark 9.387ms
[2024-02-18T14:01:49.686+0900][gc,marking  ] GC(2) Concurrent Rebuild Remembered Sets
[2024-02-18T14:01:49.686+0900][gc,marking  ] GC(2) Concurrent Rebuild Remembered Sets 0.006ms
[2024-02-18T14:01:49.686+0900][gc,start    ] GC(2) Pause Cleanup
[2024-02-18T14:01:49.686+0900][gc          ] GC(2) Pause Cleanup 9M->9M(1024M) 0.012ms
[2024-02-18T14:01:49.686+0900][gc,cpu      ] GC(2) User=0.00s Sys=0.00s Real=0.00s
[2024-02-18T14:01:49.686+0900][gc,marking  ] GC(2) Concurrent Cleanup for Next Mark
[2024-02-18T14:01:49.689+0900][gc,marking  ] GC(2) Concurrent Cleanup for Next Mark 2.949ms
[2024-02-18T14:01:49.689+0900][gc          ] GC(2) Concurrent Mark Cycle 14.675ms
[2024-02-18T14:01:50.526+0900][gc,start    ] GC(3) Pause Young (Normal) (G1 Evacuation Pause)
[2024-02-18T14:01:50.526+0900][gc,task     ] GC(3) Using 8 workers of 8 for evacuation
[2024-02-18T14:01:50.530+0900][gc,phases   ] GC(3)   Pre Evacuate Collection Set: 0.1ms
[2024-02-18T14:01:50.530+0900][gc,phases   ] GC(3)   Merge Heap Roots: 0.0ms
[2024-02-18T14:01:50.530+0900][gc,phases   ] GC(3)   Evacuate Collection Set: 3.4ms
[2024-02-18T14:01:50.530+0900][gc,phases   ] GC(3)   Post Evacuate Collection Set: 0.3ms
[2024-02-18T14:01:50.530+0900][gc,phases   ] GC(3)   Other: 0.4ms
[2024-02-18T14:01:50.530+0900][gc,heap     ] GC(3) Eden regions: 50->0(45)
[2024-02-18T14:01:50.530+0900][gc,heap     ] GC(3) Survivor regions: 1->6(7)
[2024-02-18T14:01:50.530+0900][gc,heap     ] GC(3) Old regions: 8->8
[2024-02-18T14:01:50.530+0900][gc,heap     ] GC(3) Archive regions: 2->2
[2024-02-18T14:01:50.530+0900][gc,heap     ] GC(3) Humongous regions: 129->129
[2024-02-18T14:01:50.530+0900][gc,metaspace] GC(3) Metaspace: 32654K(32896K)->32654K(32896K) NonClass: 29089K(29184K)->29089K(29184K) Class: 3564K(3712K)->3564K(3712K)
[2024-02-18T14:01:50.530+0900][gc          ] GC(3) Pause Young (Normal) (G1 Evacuation Pause) 188M->143M(1024M) 4.148ms
[2024-02-18T14:01:50.530+0900][gc,cpu      ] GC(3) User=0.01s Sys=0.00s Real=0.01s
[2024-02-18T14:01:50.704+0900][gc,start    ] GC(4) Pause Young (Concurrent Start) (Metadata GC Threshold)
[2024-02-18T14:01:50.704+0900][gc,task     ] GC(4) Using 8 workers of 8 for evacuation
[2024-02-18T14:01:50.708+0900][gc,phases   ] GC(4)   Pre Evacuate Collection Set: 0.1ms
[2024-02-18T14:01:50.708+0900][gc,phases   ] GC(4)   Merge Heap Roots: 0.1ms
[2024-02-18T14:01:50.708+0900][gc,phases   ] GC(4)   Evacuate Collection Set: 3.7ms
[2024-02-18T14:01:50.708+0900][gc,phases   ] GC(4)   Post Evacuate Collection Set: 0.2ms
[2024-02-18T14:01:50.708+0900][gc,phases   ] GC(4)   Other: 0.2ms
[2024-02-18T14:01:50.708+0900][gc,heap     ] GC(4) Eden regions: 16->0(49)
[2024-02-18T14:01:50.708+0900][gc,heap     ] GC(4) Survivor regions: 6->2(7)
[2024-02-18T14:01:50.708+0900][gc,heap     ] GC(4) Old regions: 8->14
[2024-02-18T14:01:50.708+0900][gc,heap     ] GC(4) Archive regions: 2->2
[2024-02-18T14:01:50.708+0900][gc,heap     ] GC(4) Humongous regions: 129->129
[2024-02-18T14:01:50.708+0900][gc,metaspace] GC(4) Metaspace: 35650K(35968K)->35650K(35968K) NonClass: 31661K(31808K)->31661K(31808K) Class: 3988K(4160K)->3988K(4160K)
[2024-02-18T14:01:50.708+0900][gc          ] GC(4) Pause Young (Concurrent Start) (Metadata GC Threshold) 158M->144M(1024M) 4.378ms
[2024-02-18T14:01:50.708+0900][gc,cpu      ] GC(4) User=0.02s Sys=0.00s Real=0.00s
[2024-02-18T14:01:50.709+0900][gc          ] GC(5) Concurrent Mark Cycle
[2024-02-18T14:01:50.709+0900][gc,marking  ] GC(5) Concurrent Clear Claimed Marks
[2024-02-18T14:01:50.709+0900][gc,marking  ] GC(5) Concurrent Clear Claimed Marks 0.020ms
[2024-02-18T14:01:50.709+0900][gc,marking  ] GC(5) Concurrent Scan Root Regions
[2024-02-18T14:01:50.710+0900][gc,marking  ] GC(5) Concurrent Scan Root Regions 1.862ms
[2024-02-18T14:01:50.710+0900][gc,marking  ] GC(5) Concurrent Mark
[2024-02-18T14:01:50.710+0900][gc,marking  ] GC(5) Concurrent Mark From Roots
[2024-02-18T14:01:50.710+0900][gc,task     ] GC(5) Using 2 workers of 2 for marking
[2024-02-18T14:01:50.714+0900][gc,marking  ] GC(5) Concurrent Mark From Roots 3.461ms
[2024-02-18T14:01:50.714+0900][gc,marking  ] GC(5) Concurrent Preclean
[2024-02-18T14:01:50.714+0900][gc,marking  ] GC(5) Concurrent Preclean 0.055ms
[2024-02-18T14:01:50.714+0900][gc,start    ] GC(5) Pause Remark
[2024-02-18T14:01:50.728+0900][gc          ] GC(5) Pause Remark 144M->144M(1024M) 13.561ms
[2024-02-18T14:01:50.728+0900][gc,cpu      ] GC(5) User=0.01s Sys=0.01s Real=0.01s
[2024-02-18T14:01:50.728+0900][gc,marking  ] GC(5) Concurrent Mark 17.384ms
[2024-02-18T14:01:50.728+0900][gc,marking  ] GC(5) Concurrent Rebuild Remembered Sets
[2024-02-18T14:01:50.731+0900][gc,marking  ] GC(5) Concurrent Rebuild Remembered Sets 3.386ms
[2024-02-18T14:01:50.731+0900][gc,start    ] GC(5) Pause Cleanup
[2024-02-18T14:01:50.731+0900][gc          ] GC(5) Pause Cleanup 144M->144M(1024M) 0.093ms
[2024-02-18T14:01:50.731+0900][gc,cpu      ] GC(5) User=0.00s Sys=0.00s Real=0.00s
[2024-02-18T14:01:50.732+0900][gc,marking  ] GC(5) Concurrent Cleanup for Next Mark
[2024-02-18T14:01:50.735+0900][gc,marking  ] GC(5) Concurrent Cleanup for Next Mark 3.069ms
[2024-02-18T14:01:50.735+0900][gc          ] GC(5) Concurrent Mark Cycle 26.144ms
[2024-02-18T14:09:18.115+0900][gc,start    ] GC(6) Pause Young (Normal) (G1 Evacuation Pause)
[2024-02-18T14:09:18.115+0900][gc,task     ] GC(6) Using 8 workers of 8 for evacuation
[2024-02-18T14:09:18.136+0900][gc,mmu      ] GC(6) MMU target violated: 20.9ms (20.0ms/21.0ms)
[2024-02-18T14:09:18.136+0900][gc,phases   ] GC(6)   Pre Evacuate Collection Set: 0.7ms
[2024-02-18T14:09:18.136+0900][gc,phases   ] GC(6)   Merge Heap Roots: 0.1ms
[2024-02-18T14:09:18.136+0900][gc,phases   ] GC(6)   Evacuate Collection Set: 19.2ms
[2024-02-18T14:09:18.136+0900][gc,phases   ] GC(6)   Post Evacuate Collection Set: 0.9ms
[2024-02-18T14:09:18.136+0900][gc,phases   ] GC(6)   Other: 0.7ms
[2024-02-18T14:09:18.136+0900][gc,heap     ] GC(6) Eden regions: 49->0(46)
[2024-02-18T14:09:18.136+0900][gc,heap     ] GC(6) Survivor regions: 2->5(7)
[2024-02-18T14:09:18.136+0900][gc,heap     ] GC(6) Old regions: 14->14
[2024-02-18T14:09:18.136+0900][gc,heap     ] GC(6) Archive regions: 2->2
[2024-02-18T14:09:18.136+0900][gc,heap     ] GC(6) Humongous regions: 129->129
[2024-02-18T14:09:18.136+0900][gc,metaspace] GC(6) Metaspace: 42524K(43136K)->42524K(43136K) NonClass: 37525K(37888K)->37525K(37888K) Class: 4998K(5248K)->4998K(5248K)
[2024-02-18T14:09:18.136+0900][gc          ] GC(6) Pause Young (Normal) (G1 Evacuation Pause) 193M->147M(1024M) 21.711ms
[2024-02-18T14:09:18.136+0900][gc,cpu      ] GC(6) User=0.05s Sys=0.02s Real=0.02s
[2024-02-18T14:17:25.139+0900][gc,start    ] GC(7) Pause Young (Normal) (G1 Evacuation Pause)
[2024-02-18T14:17:25.140+0900][gc,task     ] GC(7) Using 8 workers of 8 for evacuation
[2024-02-18T14:17:25.162+0900][gc,mmu      ] GC(7) MMU target violated: 21.0ms (20.0ms/21.0ms)
[2024-02-18T14:17:25.162+0900][gc,phases   ] GC(7)   Pre Evacuate Collection Set: 0.4ms
[2024-02-18T14:17:25.162+0900][gc,phases   ] GC(7)   Merge Heap Roots: 0.1ms
[2024-02-18T14:17:25.162+0900][gc,phases   ] GC(7)   Evacuate Collection Set: 21.1ms
[2024-02-18T14:17:25.162+0900][gc,phases   ] GC(7)   Post Evacuate Collection Set: 0.4ms
[2024-02-18T14:17:25.162+0900][gc,phases   ] GC(7)   Other: 0.5ms
[2024-02-18T14:17:25.162+0900][gc,heap     ] GC(7) Eden regions: 46->0(46)
[2024-02-18T14:17:25.162+0900][gc,heap     ] GC(7) Survivor regions: 5->5(7)
[2024-02-18T14:17:25.162+0900][gc,heap     ] GC(7) Old regions: 14->15
[2024-02-18T14:17:25.162+0900][gc,heap     ] GC(7) Archive regions: 2->2
[2024-02-18T14:17:25.162+0900][gc,heap     ] GC(7) Humongous regions: 129->129
[2024-02-18T14:17:25.162+0900][gc,metaspace] GC(7) Metaspace: 43115K(43648K)->43115K(43648K) NonClass: 38042K(38336K)->38042K(38336K) Class: 5073K(5312K)->5073K(5312K)
[2024-02-18T14:17:25.162+0900][gc          ] GC(7) Pause Young (Normal) (G1 Evacuation Pause) 193M->149M(1024M) 22.545ms
[2024-02-18T14:17:25.162+0900][gc,cpu      ] GC(7) User=0.05s Sys=0.02s Real=0.03s
[2024-02-18T14:25:50.006+0900][gc,start    ] GC(8) Pause Young (Normal) (G1 Evacuation Pause)
[2024-02-18T14:25:50.006+0900][gc,task     ] GC(8) Using 8 workers of 8 for evacuation
[2024-02-18T14:25:50.018+0900][gc,phases   ] GC(8)   Pre Evacuate Collection Set: 0.1ms
[2024-02-18T14:25:50.018+0900][gc,phases   ] GC(8)   Merge Heap Roots: 0.1ms
[2024-02-18T14:25:50.018+0900][gc,phases   ] GC(8)   Evacuate Collection Set: 12.0ms
[2024-02-18T14:25:50.018+0900][gc,phases   ] GC(8)   Post Evacuate Collection Set: 0.3ms
[2024-02-18T14:25:50.018+0900][gc,phases   ] GC(8)   Other: 0.1ms
[2024-02-18T14:25:50.018+0900][gc,heap     ] GC(8) Eden regions: 46->0(55)
[2024-02-18T14:25:50.018+0900][gc,heap     ] GC(8) Survivor regions: 5->3(7)
[2024-02-18T14:25:50.018+0900][gc,heap     ] GC(8) Old regions: 15->17
[2024-02-18T14:25:50.018+0900][gc,heap     ] GC(8) Archive regions: 2->2
[2024-02-18T14:25:50.019+0900][gc,heap     ] GC(8) Humongous regions: 129->129
[2024-02-18T14:25:50.019+0900][gc,metaspace] GC(8) Metaspace: 43813K(44352K)->43813K(44352K) NonClass: 38665K(38976K)->38665K(38976K) Class: 5147K(5376K)->5147K(5376K)
[2024-02-18T14:25:50.019+0900][gc          ] GC(8) Pause Young (Normal) (G1 Evacuation Pause) 195M->148M(1024M) 12.765ms
[2024-02-18T14:25:50.019+0900][gc,cpu      ] GC(8) User=0.02s Sys=0.01s Real=0.01s
[2024-02-18T14:31:31.724+0900][gc,start    ] GC(9) Pause Young (Normal) (G1 Evacuation Pause)
[2024-02-18T14:31:31.724+0900][gc,task     ] GC(9) Using 8 workers of 8 for evacuation
[2024-02-18T14:31:31.732+0900][gc,phases   ] GC(9)   Pre Evacuate Collection Set: 0.2ms
[2024-02-18T14:31:31.732+0900][gc,phases   ] GC(9)   Merge Heap Roots: 0.1ms
[2024-02-18T14:31:31.732+0900][gc,phases   ] GC(9)   Evacuate Collection Set: 6.4ms
[2024-02-18T14:31:31.732+0900][gc,phases   ] GC(9)   Post Evacuate Collection Set: 0.4ms
[2024-02-18T14:31:31.732+0900][gc,phases   ] GC(9)   Other: 0.2ms
[2024-02-18T14:31:31.732+0900][gc,heap     ] GC(9) Eden regions: 55->0(70)
[2024-02-18T14:31:31.732+0900][gc,heap     ] GC(9) Survivor regions: 3->4(8)
[2024-02-18T14:31:31.732+0900][gc,heap     ] GC(9) Old regions: 17->17
[2024-02-18T14:31:31.732+0900][gc,heap     ] GC(9) Archive regions: 2->2
[2024-02-18T14:31:31.732+0900][gc,heap     ] GC(9) Humongous regions: 129->129
[2024-02-18T14:31:31.732+0900][gc,metaspace] GC(9) Metaspace: 44719K(45312K)->44719K(45312K) NonClass: 39430K(39744K)->39430K(39744K) Class: 5288K(5568K)->5288K(5568K)
[2024-02-18T14:31:31.732+0900][gc          ] GC(9) Pause Young (Normal) (G1 Evacuation Pause) 203M->149M(1024M) 7.452ms
[2024-02-18T14:31:31.732+0900][gc,cpu      ] GC(9) User=0.02s Sys=0.01s Real=0.01s
[2024-02-18T14:37:58.617+0900][gc,start    ] GC(10) Pause Young (Normal) (G1 Evacuation Pause)
[2024-02-18T14:37:58.617+0900][gc,task     ] GC(10) Using 8 workers of 8 for evacuation
[2024-02-18T14:37:58.630+0900][gc,phases   ] GC(10)   Pre Evacuate Collection Set: 0.2ms
[2024-02-18T14:37:58.630+0900][gc,phases   ] GC(10)   Merge Heap Roots: 0.1ms
[2024-02-18T14:37:58.630+0900][gc,phases   ] GC(10)   Evacuate Collection Set: 11.2ms
[2024-02-18T14:37:58.630+0900][gc,phases   ] GC(10)   Post Evacuate Collection Set: 0.7ms
[2024-02-18T14:37:58.630+0900][gc,phases   ] GC(10)   Other: 0.3ms
[2024-02-18T14:37:58.630+0900][gc,heap     ] GC(10) Eden regions: 70->0(427)
[2024-02-18T14:37:58.630+0900][gc,heap     ] GC(10) Survivor regions: 4->4(10)
[2024-02-18T14:37:58.630+0900][gc,heap     ] GC(10) Old regions: 17->17
[2024-02-18T14:37:58.630+0900][gc,heap     ] GC(10) Archive regions: 2->2
[2024-02-18T14:37:58.630+0900][gc,heap     ] GC(10) Humongous regions: 129->129
[2024-02-18T14:37:58.630+0900][gc,metaspace] GC(10) Metaspace: 44988K(45632K)->44988K(45632K) NonClass: 39696K(40064K)->39696K(40064K) Class: 5292K(5568K)->5292K(5568K)
[2024-02-18T14:37:58.630+0900][gc          ] GC(10) Pause Young (Normal) (G1 Evacuation Pause) 219M->149M(1024M) 12.746ms
[2024-02-18T14:37:58.630+0900][gc,cpu      ] GC(10) User=0.03s Sys=0.01s Real=0.02s
