[2024-02-18T14:02:35.680+0900][gc] Using G1
[2024-02-18T14:02:35.685+0900][gc,init] Version: 17.0.9+9-jvmci-23.0-b22 (release)
[2024-02-18T14:02:35.685+0900][gc,init] CPUs: 8 total, 8 available
[2024-02-18T14:02:35.685+0900][gc,init] Memory: 16384M
[2024-02-18T14:02:35.685+0900][gc,init] Large Page Support: Disabled
[2024-02-18T14:02:35.685+0900][gc,init] NUMA Support: Disabled
[2024-02-18T14:02:35.685+0900][gc,init] Compressed Oops: Enabled (Zero based)
[2024-02-18T14:02:35.685+0900][gc,init] Heap Region Size: 1M
[2024-02-18T14:02:35.685+0900][gc,init] Heap Min Capacity: 1G
[2024-02-18T14:02:35.685+0900][gc,init] Heap Initial Capacity: 1G
[2024-02-18T14:02:35.685+0900][gc,init] Heap Max Capacity: 1G
[2024-02-18T14:02:35.685+0900][gc,init] Pre-touch: Disabled
[2024-02-18T14:02:35.685+0900][gc,init] Parallel Workers: 8
[2024-02-18T14:02:35.685+0900][gc,init] Concurrent Workers: 2
[2024-02-18T14:02:35.685+0900][gc,init] Concurrent Refinement Workers: 8
[2024-02-18T14:02:35.685+0900][gc,init] Periodic GC: Disabled
[2024-02-18T14:02:35.690+0900][gc,metaspace] CDS archive(s) mapped at: [0x000000012c000000-0x000000012cba8000-0x000000012cba8000), size 12222464, SharedBaseAddress: 0x000000012c000000, ArchiveRelocationMode: 1.
[2024-02-18T14:02:35.690+0900][gc,metaspace] Compressed class space mapped at: 0x000000012d000000-0x000000016d000000, reserved size: 1073741824
[2024-02-18T14:02:35.690+0900][gc,metaspace] Narrow klass base: 0x000000012c000000, Narrow klass shift: 0, Narrow klass range: 0x100000000
[2024-02-18T14:02:37.022+0900][gc,start    ] GC(0) Pause Young (Normal) (G1 Evacuation Pause)
[2024-02-18T14:02:37.022+0900][gc,task     ] GC(0) Using 8 workers of 8 for evacuation
[2024-02-18T14:02:37.033+0900][gc,phases   ] GC(0)   Pre Evacuate Collection Set: 0.2ms
[2024-02-18T14:02:37.033+0900][gc,phases   ] GC(0)   Merge Heap Roots: 0.1ms
[2024-02-18T14:02:37.033+0900][gc,phases   ] GC(0)   Evacuate Collection Set: 9.8ms
[2024-02-18T14:02:37.033+0900][gc,phases   ] GC(0)   Post Evacuate Collection Set: 0.9ms
[2024-02-18T14:02:37.033+0900][gc,phases   ] GC(0)   Other: 0.6ms
[2024-02-18T14:02:37.033+0900][gc,heap     ] GC(0) Eden regions: 51->0(44)
[2024-02-18T14:02:37.033+0900][gc,heap     ] GC(0) Survivor regions: 0->7(7)
[2024-02-18T14:02:37.033+0900][gc,heap     ] GC(0) Old regions: 0->1
[2024-02-18T14:02:37.033+0900][gc,heap     ] GC(0) Archive regions: 2->2
[2024-02-18T14:02:37.033+0900][gc,heap     ] GC(0) Humongous regions: 0->0
[2024-02-18T14:02:37.033+0900][gc,metaspace] GC(0) Metaspace: 18174K(18368K)->18174K(18368K) NonClass: 16091K(16192K)->16091K(16192K) Class: 2083K(2176K)->2083K(2176K)
[2024-02-18T14:02:37.033+0900][gc          ] GC(0) Pause Young (Normal) (G1 Evacuation Pause) 51M->8M(1024M) 11.721ms
[2024-02-18T14:02:37.033+0900][gc,cpu      ] GC(0) User=0.02s Sys=0.01s Real=0.01s
[2024-02-18T14:02:37.377+0900][gc,start    ] GC(1) Pause Young (Concurrent Start) (Metadata GC Threshold)
[2024-02-18T14:02:37.377+0900][gc,task     ] GC(1) Using 8 workers of 8 for evacuation
[2024-02-18T14:02:37.386+0900][gc,phases   ] GC(1)   Pre Evacuate Collection Set: 0.1ms
[2024-02-18T14:02:37.386+0900][gc,phases   ] GC(1)   Merge Heap Roots: 0.0ms
[2024-02-18T14:02:37.386+0900][gc,phases   ] GC(1)   Evacuate Collection Set: 8.7ms
[2024-02-18T14:02:37.386+0900][gc,phases   ] GC(1)   Post Evacuate Collection Set: 0.3ms
[2024-02-18T14:02:37.386+0900][gc,phases   ] GC(1)   Other: 0.2ms
[2024-02-18T14:02:37.386+0900][gc,heap     ] GC(1) Eden regions: 14->0(49)
[2024-02-18T14:02:37.386+0900][gc,heap     ] GC(1) Survivor regions: 7->2(7)
[2024-02-18T14:02:37.386+0900][gc,heap     ] GC(1) Old regions: 1->8
[2024-02-18T14:02:37.386+0900][gc,heap     ] GC(1) Archive regions: 2->2
[2024-02-18T14:02:37.386+0900][gc,heap     ] GC(1) Humongous regions: 129->129
[2024-02-18T14:02:37.386+0900][gc,metaspace] GC(1) Metaspace: 21358K(21504K)->21358K(21504K) NonClass: 18868K(18944K)->18868K(18944K) Class: 2489K(2560K)->2489K(2560K)
[2024-02-18T14:02:37.386+0900][gc          ] GC(1) Pause Young (Concurrent Start) (Metadata GC Threshold) 150M->139M(1024M) 9.531ms
[2024-02-18T14:02:37.386+0900][gc,cpu      ] GC(1) User=0.02s Sys=0.02s Real=0.01s
[2024-02-18T14:02:37.386+0900][gc          ] GC(2) Concurrent Mark Cycle
[2024-02-18T14:02:37.386+0900][gc,marking  ] GC(2) Concurrent Clear Claimed Marks
[2024-02-18T14:02:37.386+0900][gc,marking  ] GC(2) Concurrent Clear Claimed Marks 0.023ms
[2024-02-18T14:02:37.386+0900][gc,marking  ] GC(2) Concurrent Scan Root Regions
[2024-02-18T14:02:37.389+0900][gc,marking  ] GC(2) Concurrent Scan Root Regions 2.585ms
[2024-02-18T14:02:37.389+0900][gc,marking  ] GC(2) Concurrent Mark
[2024-02-18T14:02:37.389+0900][gc,marking  ] GC(2) Concurrent Mark From Roots
[2024-02-18T14:02:37.389+0900][gc,task     ] GC(2) Using 2 workers of 2 for marking
[2024-02-18T14:02:37.391+0900][gc,marking  ] GC(2) Concurrent Mark From Roots 1.275ms
[2024-02-18T14:02:37.391+0900][gc,marking  ] GC(2) Concurrent Preclean
[2024-02-18T14:02:37.391+0900][gc,marking  ] GC(2) Concurrent Preclean 0.042ms
[2024-02-18T14:02:37.391+0900][gc,start    ] GC(2) Pause Remark
[2024-02-18T14:02:37.400+0900][gc          ] GC(2) Pause Remark 140M->140M(1024M) 8.768ms
[2024-02-18T14:02:37.400+0900][gc,cpu      ] GC(2) User=0.01s Sys=0.00s Real=0.01s
[2024-02-18T14:02:37.400+0900][gc,marking  ] GC(2) Concurrent Mark 11.076ms
[2024-02-18T14:02:37.400+0900][gc,marking  ] GC(2) Concurrent Rebuild Remembered Sets
[2024-02-18T14:02:37.400+0900][gc,marking  ] GC(2) Concurrent Rebuild Remembered Sets 0.010ms
[2024-02-18T14:02:37.401+0900][gc,start    ] GC(2) Pause Cleanup
[2024-02-18T14:02:37.401+0900][gc          ] GC(2) Pause Cleanup 140M->140M(1024M) 0.307ms
[2024-02-18T14:02:37.401+0900][gc,cpu      ] GC(2) User=0.00s Sys=0.00s Real=0.00s
[2024-02-18T14:02:37.401+0900][gc,marking  ] GC(2) Concurrent Cleanup for Next Mark
[2024-02-18T14:02:37.404+0900][gc,marking  ] GC(2) Concurrent Cleanup for Next Mark 3.358ms
[2024-02-18T14:02:37.404+0900][gc          ] GC(2) Concurrent Mark Cycle 18.134ms
[2024-02-18T14:02:38.132+0900][gc,start    ] GC(3) Pause Young (Normal) (G1 Evacuation Pause)
[2024-02-18T14:02:38.132+0900][gc,task     ] GC(3) Using 8 workers of 8 for evacuation
[2024-02-18T14:02:38.135+0900][gc,phases   ] GC(3)   Pre Evacuate Collection Set: 0.1ms
[2024-02-18T14:02:38.135+0900][gc,phases   ] GC(3)   Merge Heap Roots: 0.0ms
[2024-02-18T14:02:38.135+0900][gc,phases   ] GC(3)   Evacuate Collection Set: 2.9ms
[2024-02-18T14:02:38.135+0900][gc,phases   ] GC(3)   Post Evacuate Collection Set: 0.3ms
[2024-02-18T14:02:38.135+0900][gc,phases   ] GC(3)   Other: 0.5ms
[2024-02-18T14:02:38.135+0900][gc,heap     ] GC(3) Eden regions: 49->0(45)
[2024-02-18T14:02:38.135+0900][gc,heap     ] GC(3) Survivor regions: 2->6(7)
[2024-02-18T14:02:38.135+0900][gc,heap     ] GC(3) Old regions: 8->8
[2024-02-18T14:02:38.135+0900][gc,heap     ] GC(3) Archive regions: 2->2
[2024-02-18T14:02:38.135+0900][gc,heap     ] GC(3) Humongous regions: 129->129
[2024-02-18T14:02:38.135+0900][gc,metaspace] GC(3) Metaspace: 32477K(32704K)->32477K(32704K) NonClass: 28989K(29120K)->28989K(29120K) Class: 3488K(3584K)->3488K(3584K)
[2024-02-18T14:02:38.135+0900][gc          ] GC(3) Pause Young (Normal) (G1 Evacuation Pause) 188M->143M(1024M) 3.506ms
[2024-02-18T14:02:38.135+0900][gc,cpu      ] GC(3) User=0.01s Sys=0.00s Real=0.00s
[2024-02-18T14:05:34.630+0900][gc,start    ] GC(4) Pause Young (Concurrent Start) (Metadata GC Threshold)
[2024-02-18T14:05:34.631+0900][gc,task     ] GC(4) Using 8 workers of 8 for evacuation
[2024-02-18T14:05:34.638+0900][gc,phases   ] GC(4)   Pre Evacuate Collection Set: 0.1ms
[2024-02-18T14:05:34.638+0900][gc,phases   ] GC(4)   Merge Heap Roots: 0.1ms
[2024-02-18T14:05:34.638+0900][gc,phases   ] GC(4)   Evacuate Collection Set: 7.3ms
[2024-02-18T14:05:34.638+0900][gc,phases   ] GC(4)   Post Evacuate Collection Set: 0.4ms
[2024-02-18T14:05:34.638+0900][gc,phases   ] GC(4)   Other: 0.2ms
[2024-02-18T14:05:34.639+0900][gc,heap     ] GC(4) Eden regions: 17->0(49)
[2024-02-18T14:05:34.639+0900][gc,heap     ] GC(4) Survivor regions: 6->2(7)
[2024-02-18T14:05:34.639+0900][gc,heap     ] GC(4) Old regions: 8->14
[2024-02-18T14:05:34.639+0900][gc,heap     ] GC(4) Archive regions: 2->2
[2024-02-18T14:05:34.639+0900][gc,heap     ] GC(4) Humongous regions: 129->129
[2024-02-18T14:05:34.639+0900][gc,metaspace] GC(4) Metaspace: 35627K(35968K)->35627K(35968K) NonClass: 31692K(31872K)->31692K(31872K) Class: 3935K(4096K)->3935K(4096K)
[2024-02-18T14:05:34.639+0900][gc          ] GC(4) Pause Young (Concurrent Start) (Metadata GC Threshold) 159M->144M(1024M) 8.088ms
[2024-02-18T14:05:34.639+0900][gc,cpu      ] GC(4) User=0.02s Sys=0.01s Real=0.00s
[2024-02-18T14:05:34.639+0900][gc          ] GC(5) Concurrent Mark Cycle
[2024-02-18T14:05:34.639+0900][gc,marking  ] GC(5) Concurrent Clear Claimed Marks
[2024-02-18T14:05:34.639+0900][gc,marking  ] GC(5) Concurrent Clear Claimed Marks 0.025ms
[2024-02-18T14:05:34.639+0900][gc,marking  ] GC(5) Concurrent Scan Root Regions
[2024-02-18T14:05:34.641+0900][gc,marking  ] GC(5) Concurrent Scan Root Regions 1.901ms
[2024-02-18T14:05:34.641+0900][gc,marking  ] GC(5) Concurrent Mark
[2024-02-18T14:05:34.641+0900][gc,marking  ] GC(5) Concurrent Mark From Roots
[2024-02-18T14:05:34.641+0900][gc,task     ] GC(5) Using 2 workers of 2 for marking
[2024-02-18T14:05:34.644+0900][gc,marking  ] GC(5) Concurrent Mark From Roots 3.799ms
[2024-02-18T14:05:34.644+0900][gc,marking  ] GC(5) Concurrent Preclean
[2024-02-18T14:05:34.644+0900][gc,marking  ] GC(5) Concurrent Preclean 0.055ms
[2024-02-18T14:05:34.645+0900][gc,start    ] GC(5) Pause Remark
[2024-02-18T14:05:34.661+0900][gc          ] GC(5) Pause Remark 144M->144M(1024M) 15.907ms
[2024-02-18T14:05:34.661+0900][gc,cpu      ] GC(5) User=0.01s Sys=0.01s Real=0.02s
[2024-02-18T14:05:34.661+0900][gc,marking  ] GC(5) Concurrent Mark 20.133ms
[2024-02-18T14:05:34.661+0900][gc,marking  ] GC(5) Concurrent Rebuild Remembered Sets
[2024-02-18T14:05:34.664+0900][gc,marking  ] GC(5) Concurrent Rebuild Remembered Sets 3.318ms
[2024-02-18T14:05:34.664+0900][gc,start    ] GC(5) Pause Cleanup
[2024-02-18T14:05:34.664+0900][gc          ] GC(5) Pause Cleanup 144M->144M(1024M) 0.086ms
[2024-02-18T14:05:34.664+0900][gc,cpu      ] GC(5) User=0.00s Sys=0.00s Real=0.00s
[2024-02-18T14:05:34.664+0900][gc,marking  ] GC(5) Concurrent Cleanup for Next Mark
[2024-02-18T14:05:34.667+0900][gc,marking  ] GC(5) Concurrent Cleanup for Next Mark 3.050ms
[2024-02-18T14:05:34.667+0900][gc          ] GC(5) Concurrent Mark Cycle 28.821ms
[2024-02-18T14:10:47.515+0900][gc,start    ] GC(6) Pause Young (Normal) (G1 Evacuation Pause)
[2024-02-18T14:10:47.516+0900][gc,task     ] GC(6) Using 8 workers of 8 for evacuation
[2024-02-18T14:10:47.537+0900][gc,mmu      ] GC(6) MMU target violated: 20.6ms (20.0ms/21.0ms)
[2024-02-18T14:10:47.537+0900][gc,phases   ] GC(6)   Pre Evacuate Collection Set: 0.3ms
[2024-02-18T14:10:47.537+0900][gc,phases   ] GC(6)   Merge Heap Roots: 0.1ms
[2024-02-18T14:10:47.537+0900][gc,phases   ] GC(6)   Evacuate Collection Set: 19.6ms
[2024-02-18T14:10:47.537+0900][gc,phases   ] GC(6)   Post Evacuate Collection Set: 0.6ms
[2024-02-18T14:10:47.537+0900][gc,phases   ] GC(6)   Other: 1.4ms
[2024-02-18T14:10:47.537+0900][gc,heap     ] GC(6) Eden regions: 49->0(47)
[2024-02-18T14:10:47.537+0900][gc,heap     ] GC(6) Survivor regions: 2->4(7)
[2024-02-18T14:10:47.537+0900][gc,heap     ] GC(6) Old regions: 14->14
[2024-02-18T14:10:47.537+0900][gc,heap     ] GC(6) Archive regions: 2->2
[2024-02-18T14:10:47.537+0900][gc,heap     ] GC(6) Humongous regions: 129->129
[2024-02-18T14:10:47.537+0900][gc,metaspace] GC(6) Metaspace: 40179K(40576K)->40179K(40576K) NonClass: 35741K(35968K)->35741K(35968K) Class: 4437K(4608K)->4437K(4608K)
[2024-02-18T14:10:47.537+0900][gc          ] GC(6) Pause Young (Normal) (G1 Evacuation Pause) 193M->146M(1024M) 22.093ms
[2024-02-18T14:10:47.537+0900][gc,cpu      ] GC(6) User=0.04s Sys=0.02s Real=0.02s
[2024-02-18T14:21:07.671+0900][gc,start    ] GC(7) Pause Young (Normal) (G1 Evacuation Pause)
[2024-02-18T14:21:07.671+0900][gc,task     ] GC(7) Using 8 workers of 8 for evacuation
[2024-02-18T14:21:07.696+0900][gc,mmu      ] GC(7) MMU target violated: 21.0ms (20.0ms/21.0ms)
[2024-02-18T14:21:07.696+0900][gc,phases   ] GC(7)   Pre Evacuate Collection Set: 0.3ms
[2024-02-18T14:21:07.696+0900][gc,phases   ] GC(7)   Merge Heap Roots: 0.1ms
[2024-02-18T14:21:07.696+0900][gc,phases   ] GC(7)   Evacuate Collection Set: 23.7ms
[2024-02-18T14:21:07.696+0900][gc,phases   ] GC(7)   Post Evacuate Collection Set: 0.5ms
[2024-02-18T14:21:07.696+0900][gc,phases   ] GC(7)   Other: 0.6ms
[2024-02-18T14:21:07.696+0900][gc,heap     ] GC(7) Eden regions: 47->0(46)
[2024-02-18T14:21:07.696+0900][gc,heap     ] GC(7) Survivor regions: 4->5(7)
[2024-02-18T14:21:07.696+0900][gc,heap     ] GC(7) Old regions: 14->14
[2024-02-18T14:21:07.696+0900][gc,heap     ] GC(7) Archive regions: 2->2
[2024-02-18T14:21:07.696+0900][gc,heap     ] GC(7) Humongous regions: 129->129
[2024-02-18T14:21:07.696+0900][gc,metaspace] GC(7) Metaspace: 40433K(40896K)->40433K(40896K) NonClass: 35974K(36224K)->35974K(36224K) Class: 4459K(4672K)->4459K(4672K)
[2024-02-18T14:21:07.696+0900][gc          ] GC(7) Pause Young (Normal) (G1 Evacuation Pause) 193M->147M(1024M) 25.209ms
[2024-02-18T14:21:07.696+0900][gc,cpu      ] GC(7) User=0.05s Sys=0.02s Real=0.02s
[2024-02-18T14:27:51.382+0900][gc,start    ] GC(8) Pause Young (Normal) (G1 Evacuation Pause)
[2024-02-18T14:27:51.382+0900][gc,task     ] GC(8) Using 8 workers of 8 for evacuation
[2024-02-18T14:27:51.414+0900][gc,mmu      ] GC(8) MMU target violated: 21.0ms (20.0ms/21.0ms)
[2024-02-18T14:27:51.414+0900][gc,phases   ] GC(8)   Pre Evacuate Collection Set: 0.3ms
[2024-02-18T14:27:51.414+0900][gc,phases   ] GC(8)   Merge Heap Roots: 0.1ms
[2024-02-18T14:27:51.414+0900][gc,phases   ] GC(8)   Evacuate Collection Set: 30.8ms
[2024-02-18T14:27:51.414+0900][gc,phases   ] GC(8)   Post Evacuate Collection Set: 0.9ms
[2024-02-18T14:27:51.414+0900][gc,phases   ] GC(8)   Other: 0.5ms
[2024-02-18T14:27:51.414+0900][gc,heap     ] GC(8) Eden regions: 46->0(47)
[2024-02-18T14:27:51.414+0900][gc,heap     ] GC(8) Survivor regions: 5->4(7)
[2024-02-18T14:27:51.414+0900][gc,heap     ] GC(8) Old regions: 14->15
[2024-02-18T14:27:51.414+0900][gc,heap     ] GC(8) Archive regions: 2->2
[2024-02-18T14:27:51.414+0900][gc,heap     ] GC(8) Humongous regions: 129->129
[2024-02-18T14:27:51.414+0900][gc,metaspace] GC(8) Metaspace: 41229K(41664K)->41229K(41664K) NonClass: 36665K(36928K)->36665K(36928K) Class: 4564K(4736K)->4564K(4736K)
[2024-02-18T14:27:51.414+0900][gc          ] GC(8) Pause Young (Normal) (G1 Evacuation Pause) 193M->147M(1024M) 32.879ms
[2024-02-18T14:27:51.415+0900][gc,cpu      ] GC(8) User=0.07s Sys=0.03s Real=0.03s
[2024-02-18T14:32:44.422+0900][gc,start    ] GC(9) Pause Young (Normal) (G1 Evacuation Pause)
[2024-02-18T14:32:44.423+0900][gc,task     ] GC(9) Using 8 workers of 8 for evacuation
[2024-02-18T14:32:44.446+0900][gc,mmu      ] GC(9) MMU target violated: 21.0ms (20.0ms/21.0ms)
[2024-02-18T14:32:44.447+0900][gc,phases   ] GC(9)   Pre Evacuate Collection Set: 0.3ms
[2024-02-18T14:32:44.447+0900][gc,phases   ] GC(9)   Merge Heap Roots: 0.1ms
[2024-02-18T14:32:44.447+0900][gc,phases   ] GC(9)   Evacuate Collection Set: 22.6ms
[2024-02-18T14:32:44.447+0900][gc,phases   ] GC(9)   Post Evacuate Collection Set: 0.7ms
[2024-02-18T14:32:44.447+0900][gc,phases   ] GC(9)   Other: 0.6ms
[2024-02-18T14:32:44.447+0900][gc,heap     ] GC(9) Eden regions: 47->0(45)
[2024-02-18T14:32:44.447+0900][gc,heap     ] GC(9) Survivor regions: 4->6(7)
[2024-02-18T14:32:44.447+0900][gc,heap     ] GC(9) Old regions: 15->15
[2024-02-18T14:32:44.447+0900][gc,heap     ] GC(9) Archive regions: 2->2
[2024-02-18T14:32:44.447+0900][gc,heap     ] GC(9) Humongous regions: 129->129
[2024-02-18T14:32:44.447+0900][gc,metaspace] GC(9) Metaspace: 42510K(43008K)->42510K(43008K) NonClass: 37731K(38016K)->37731K(38016K) Class: 4779K(4992K)->4779K(4992K)
[2024-02-18T14:32:44.447+0900][gc          ] GC(9) Pause Young (Normal) (G1 Evacuation Pause) 194M->149M(1024M) 24.464ms
[2024-02-18T14:32:44.447+0900][gc,cpu      ] GC(9) User=0.06s Sys=0.01s Real=0.02s
[2024-02-18T14:37:15.476+0900][gc,start    ] GC(10) Pause Young (Normal) (G1 Evacuation Pause)
[2024-02-18T14:37:15.476+0900][gc,task     ] GC(10) Using 8 workers of 8 for evacuation
[2024-02-18T14:37:15.502+0900][gc,mmu      ] GC(10) MMU target violated: 21.0ms (20.0ms/21.0ms)
[2024-02-18T14:37:15.502+0900][gc,phases   ] GC(10)   Pre Evacuate Collection Set: 0.3ms
[2024-02-18T14:37:15.502+0900][gc,phases   ] GC(10)   Merge Heap Roots: 0.1ms
[2024-02-18T14:37:15.502+0900][gc,phases   ] GC(10)   Evacuate Collection Set: 24.5ms
[2024-02-18T14:37:15.502+0900][gc,phases   ] GC(10)   Post Evacuate Collection Set: 0.5ms
[2024-02-18T14:37:15.502+0900][gc,phases   ] GC(10)   Other: 0.5ms
[2024-02-18T14:37:15.502+0900][gc,heap     ] GC(10) Eden regions: 45->0(106)
[2024-02-18T14:37:15.502+0900][gc,heap     ] GC(10) Survivor regions: 6->3(7)
[2024-02-18T14:37:15.502+0900][gc,heap     ] GC(10) Old regions: 15->16
[2024-02-18T14:37:15.502+0900][gc,heap     ] GC(10) Archive regions: 2->2
[2024-02-18T14:37:15.502+0900][gc,heap     ] GC(10) Humongous regions: 129->129
[2024-02-18T14:37:15.502+0900][gc,metaspace] GC(10) Metaspace: 42860K(43456K)->42860K(43456K) NonClass: 38041K(38400K)->38041K(38400K) Class: 4818K(5056K)->4818K(5056K)
[2024-02-18T14:37:15.502+0900][gc          ] GC(10) Pause Young (Normal) (G1 Evacuation Pause) 194M->148M(1024M) 26.083ms
[2024-02-18T14:37:15.502+0900][gc,cpu      ] GC(10) User=0.05s Sys=0.02s Real=0.03s
[2024-02-18T14:43:03.717+0900][gc,heap,exit] Heap
[2024-02-18T14:43:03.718+0900][gc,heap,exit]  garbage-first heap   total 1048576K, used 224870K [0x00000007c0000000, 0x0000000800000000)
[2024-02-18T14:43:03.718+0900][gc,heap,exit]   region size 1024K, 74 young (75776K), 3 survivors (3072K)
[2024-02-18T14:43:03.718+0900][gc,heap,exit]  Metaspace       used 44003K, committed 44544K, reserved 1114112K
[2024-02-18T14:43:03.718+0900][gc,heap,exit]   class space    used 4967K, committed 5184K, reserved 1048576K
