[2024-02-18T13:34:28.925+0900][gc] Using G1
[2024-02-18T13:34:28.929+0900][gc,init] Version: 17.0.9+9-jvmci-23.0-b22 (release)
[2024-02-18T13:34:28.929+0900][gc,init] CPUs: 8 total, 8 available
[2024-02-18T13:34:28.929+0900][gc,init] Memory: 16384M
[2024-02-18T13:34:28.929+0900][gc,init] Large Page Support: Disabled
[2024-02-18T13:34:28.929+0900][gc,init] NUMA Support: Disabled
[2024-02-18T13:34:28.929+0900][gc,init] Compressed Oops: Enabled (Zero based)
[2024-02-18T13:34:28.929+0900][gc,init] Heap Region Size: 1M
[2024-02-18T13:34:28.929+0900][gc,init] Heap Min Capacity: 1G
[2024-02-18T13:34:28.929+0900][gc,init] Heap Initial Capacity: 1G
[2024-02-18T13:34:28.929+0900][gc,init] Heap Max Capacity: 1G
[2024-02-18T13:34:28.929+0900][gc,init] Pre-touch: Disabled
[2024-02-18T13:34:28.929+0900][gc,init] Parallel Workers: 8
[2024-02-18T13:34:28.929+0900][gc,init] Concurrent Workers: 2
[2024-02-18T13:34:28.929+0900][gc,init] Concurrent Refinement Workers: 8
[2024-02-18T13:34:28.929+0900][gc,init] Periodic GC: Disabled
[2024-02-18T13:34:28.934+0900][gc,metaspace] CDS archive(s) mapped at: [0x000000012c000000-0x000000012cba8000-0x000000012cba8000), size 12222464, SharedBaseAddress: 0x000000012c000000, ArchiveRelocationMode: 1.
[2024-02-18T13:34:28.934+0900][gc,metaspace] Compressed class space mapped at: 0x000000012d000000-0x000000016d000000, reserved size: 1073741824
[2024-02-18T13:34:28.934+0900][gc,metaspace] Narrow klass base: 0x000000012c000000, Narrow klass shift: 0, Narrow klass range: 0x100000000
[2024-02-18T13:34:30.340+0900][gc,start    ] GC(0) Pause Young (Normal) (G1 Evacuation Pause)
[2024-02-18T13:34:30.341+0900][gc,task     ] GC(0) Using 8 workers of 8 for evacuation
[2024-02-18T13:34:30.351+0900][gc,phases   ] GC(0)   Pre Evacuate Collection Set: 0.2ms
[2024-02-18T13:34:30.351+0900][gc,phases   ] GC(0)   Merge Heap Roots: 0.1ms
[2024-02-18T13:34:30.351+0900][gc,phases   ] GC(0)   Evacuate Collection Set: 9.0ms
[2024-02-18T13:34:30.351+0900][gc,phases   ] GC(0)   Post Evacuate Collection Set: 0.5ms
[2024-02-18T13:34:30.351+0900][gc,phases   ] GC(0)   Other: 0.6ms
[2024-02-18T13:34:30.351+0900][gc,heap     ] GC(0) Eden regions: 51->0(44)
[2024-02-18T13:34:30.351+0900][gc,heap     ] GC(0) Survivor regions: 0->7(7)
[2024-02-18T13:34:30.351+0900][gc,heap     ] GC(0) Old regions: 0->2
[2024-02-18T13:34:30.351+0900][gc,heap     ] GC(0) Archive regions: 2->2
[2024-02-18T13:34:30.351+0900][gc,heap     ] GC(0) Humongous regions: 0->0
[2024-02-18T13:34:30.351+0900][gc,metaspace] GC(0) Metaspace: 18152K(18368K)->18152K(18368K) NonClass: 16071K(16192K)->16071K(16192K) Class: 2081K(2176K)->2081K(2176K)
[2024-02-18T13:34:30.351+0900][gc          ] GC(0) Pause Young (Normal) (G1 Evacuation Pause) 51M->8M(1024M) 10.404ms
[2024-02-18T13:34:30.351+0900][gc,cpu      ] GC(0) User=0.03s Sys=0.01s Real=0.01s
[2024-02-18T13:34:30.697+0900][gc,start    ] GC(1) Pause Young (Concurrent Start) (Metadata GC Threshold)
[2024-02-18T13:34:30.697+0900][gc,task     ] GC(1) Using 8 workers of 8 for evacuation
[2024-02-18T13:34:30.705+0900][gc,phases   ] GC(1)   Pre Evacuate Collection Set: 0.1ms
[2024-02-18T13:34:30.705+0900][gc,phases   ] GC(1)   Merge Heap Roots: 0.1ms
[2024-02-18T13:34:30.705+0900][gc,phases   ] GC(1)   Evacuate Collection Set: 7.3ms
[2024-02-18T13:34:30.705+0900][gc,phases   ] GC(1)   Post Evacuate Collection Set: 0.3ms
[2024-02-18T13:34:30.705+0900][gc,phases   ] GC(1)   Other: 0.2ms
[2024-02-18T13:34:30.705+0900][gc,heap     ] GC(1) Eden regions: 13->0(50)
[2024-02-18T13:34:30.705+0900][gc,heap     ] GC(1) Survivor regions: 7->1(7)
[2024-02-18T13:34:30.705+0900][gc,heap     ] GC(1) Old regions: 2->8
[2024-02-18T13:34:30.705+0900][gc,heap     ] GC(1) Archive regions: 2->2
[2024-02-18T13:34:30.705+0900][gc,heap     ] GC(1) Humongous regions: 0->0
[2024-02-18T13:34:30.705+0900][gc,metaspace] GC(1) Metaspace: 21324K(21504K)->21324K(21504K) NonClass: 18830K(18944K)->18830K(18944K) Class: 2494K(2560K)->2494K(2560K)
[2024-02-18T13:34:30.705+0900][gc          ] GC(1) Pause Young (Concurrent Start) (Metadata GC Threshold) 21M->9M(1024M) 8.089ms
[2024-02-18T13:34:30.706+0900][gc,cpu      ] GC(1) User=0.02s Sys=0.01s Real=0.01s
[2024-02-18T13:34:30.706+0900][gc          ] GC(2) Concurrent Mark Cycle
[2024-02-18T13:34:30.706+0900][gc,marking  ] GC(2) Concurrent Clear Claimed Marks
[2024-02-18T13:34:30.706+0900][gc,marking  ] GC(2) Concurrent Clear Claimed Marks 0.015ms
[2024-02-18T13:34:30.706+0900][gc,marking  ] GC(2) Concurrent Scan Root Regions
[2024-02-18T13:34:30.708+0900][gc,marking  ] GC(2) Concurrent Scan Root Regions 1.962ms
[2024-02-18T13:34:30.708+0900][gc,marking  ] GC(2) Concurrent Mark
[2024-02-18T13:34:30.708+0900][gc,marking  ] GC(2) Concurrent Mark From Roots
[2024-02-18T13:34:30.708+0900][gc,task     ] GC(2) Using 2 workers of 2 for marking
[2024-02-18T13:34:30.711+0900][gc,marking  ] GC(2) Concurrent Mark From Roots 3.141ms
[2024-02-18T13:34:30.711+0900][gc,marking  ] GC(2) Concurrent Preclean
[2024-02-18T13:34:30.711+0900][gc,marking  ] GC(2) Concurrent Preclean 0.048ms
[2024-02-18T13:34:30.711+0900][gc,start    ] GC(2) Pause Remark
[2024-02-18T13:34:30.718+0900][gc          ] GC(2) Pause Remark 9M->9M(1024M) 6.672ms
[2024-02-18T13:34:30.718+0900][gc,cpu      ] GC(2) User=0.01s Sys=0.00s Real=0.00s
[2024-02-18T13:34:30.718+0900][gc,marking  ] GC(2) Concurrent Mark 10.346ms
[2024-02-18T13:34:30.718+0900][gc,marking  ] GC(2) Concurrent Rebuild Remembered Sets
[2024-02-18T13:34:30.718+0900][gc,marking  ] GC(2) Concurrent Rebuild Remembered Sets 0.006ms
[2024-02-18T13:34:30.719+0900][gc,start    ] GC(2) Pause Cleanup
[2024-02-18T13:34:30.719+0900][gc          ] GC(2) Pause Cleanup 9M->9M(1024M) 0.037ms
[2024-02-18T13:34:30.719+0900][gc,cpu      ] GC(2) User=0.00s Sys=0.00s Real=0.00s
[2024-02-18T13:34:30.719+0900][gc,marking  ] GC(2) Concurrent Cleanup for Next Mark
[2024-02-18T13:34:30.722+0900][gc,marking  ] GC(2) Concurrent Cleanup for Next Mark 3.174ms
[2024-02-18T13:34:30.722+0900][gc          ] GC(2) Concurrent Mark Cycle 16.448ms
[2024-02-18T13:34:31.627+0900][gc,start    ] GC(3) Pause Young (Normal) (G1 Evacuation Pause)
[2024-02-18T13:34:31.627+0900][gc,task     ] GC(3) Using 8 workers of 8 for evacuation
[2024-02-18T13:34:31.630+0900][gc,phases   ] GC(3)   Pre Evacuate Collection Set: 0.1ms
[2024-02-18T13:34:31.630+0900][gc,phases   ] GC(3)   Merge Heap Roots: 0.0ms
[2024-02-18T13:34:31.630+0900][gc,phases   ] GC(3)   Evacuate Collection Set: 2.9ms
[2024-02-18T13:34:31.630+0900][gc,phases   ] GC(3)   Post Evacuate Collection Set: 0.2ms
[2024-02-18T13:34:31.631+0900][gc,phases   ] GC(3)   Other: 0.5ms
[2024-02-18T13:34:31.631+0900][gc,heap     ] GC(3) Eden regions: 50->0(45)
[2024-02-18T13:34:31.631+0900][gc,heap     ] GC(3) Survivor regions: 1->6(7)
[2024-02-18T13:34:31.631+0900][gc,heap     ] GC(3) Old regions: 8->8
[2024-02-18T13:34:31.631+0900][gc,heap     ] GC(3) Archive regions: 2->2
[2024-02-18T13:34:31.631+0900][gc,heap     ] GC(3) Humongous regions: 129->129
[2024-02-18T13:34:31.631+0900][gc,metaspace] GC(3) Metaspace: 32575K(32832K)->32575K(32832K) NonClass: 29016K(29120K)->29016K(29120K) Class: 3558K(3712K)->3558K(3712K)
[2024-02-18T13:34:31.631+0900][gc          ] GC(3) Pause Young (Normal) (G1 Evacuation Pause) 188M->143M(1024M) 3.532ms
[2024-02-18T13:34:31.631+0900][gc,cpu      ] GC(3) User=0.01s Sys=0.01s Real=0.01s
[2024-02-18T13:34:31.881+0900][gc,start    ] GC(4) Pause Young (Concurrent Start) (Metadata GC Threshold)
[2024-02-18T13:34:31.881+0900][gc,task     ] GC(4) Using 8 workers of 8 for evacuation
[2024-02-18T13:34:31.885+0900][gc,phases   ] GC(4)   Pre Evacuate Collection Set: 0.1ms
[2024-02-18T13:34:31.885+0900][gc,phases   ] GC(4)   Merge Heap Roots: 0.1ms
[2024-02-18T13:34:31.885+0900][gc,phases   ] GC(4)   Evacuate Collection Set: 3.7ms
[2024-02-18T13:34:31.885+0900][gc,phases   ] GC(4)   Post Evacuate Collection Set: 0.3ms
[2024-02-18T13:34:31.885+0900][gc,phases   ] GC(4)   Other: 0.2ms
[2024-02-18T13:34:31.885+0900][gc,heap     ] GC(4) Eden regions: 15->0(49)
[2024-02-18T13:34:31.885+0900][gc,heap     ] GC(4) Survivor regions: 6->2(7)
[2024-02-18T13:34:31.885+0900][gc,heap     ] GC(4) Old regions: 8->14
[2024-02-18T13:34:31.885+0900][gc,heap     ] GC(4) Archive regions: 2->2
[2024-02-18T13:34:31.885+0900][gc,heap     ] GC(4) Humongous regions: 129->129
[2024-02-18T13:34:31.885+0900][gc,metaspace] GC(4) Metaspace: 35700K(35968K)->35700K(35968K) NonClass: 31691K(31808K)->31691K(31808K) Class: 4008K(4160K)->4008K(4160K)
[2024-02-18T13:34:31.886+0900][gc          ] GC(4) Pause Young (Concurrent Start) (Metadata GC Threshold) 157M->144M(1024M) 4.457ms
[2024-02-18T13:34:31.886+0900][gc,cpu      ] GC(4) User=0.02s Sys=0.00s Real=0.00s
[2024-02-18T13:34:31.886+0900][gc          ] GC(5) Concurrent Mark Cycle
[2024-02-18T13:34:31.886+0900][gc,marking  ] GC(5) Concurrent Clear Claimed Marks
[2024-02-18T13:34:31.886+0900][gc,marking  ] GC(5) Concurrent Clear Claimed Marks 0.019ms
[2024-02-18T13:34:31.886+0900][gc,marking  ] GC(5) Concurrent Scan Root Regions
[2024-02-18T13:34:31.888+0900][gc,marking  ] GC(5) Concurrent Scan Root Regions 2.077ms
[2024-02-18T13:34:31.888+0900][gc,marking  ] GC(5) Concurrent Mark
[2024-02-18T13:34:31.888+0900][gc,marking  ] GC(5) Concurrent Mark From Roots
[2024-02-18T13:34:31.888+0900][gc,task     ] GC(5) Using 2 workers of 2 for marking
[2024-02-18T13:34:31.891+0900][gc,marking  ] GC(5) Concurrent Mark From Roots 3.470ms
[2024-02-18T13:34:31.891+0900][gc,marking  ] GC(5) Concurrent Preclean
[2024-02-18T13:34:31.891+0900][gc,marking  ] GC(5) Concurrent Preclean 0.057ms
[2024-02-18T13:34:31.891+0900][gc,start    ] GC(5) Pause Remark
[2024-02-18T13:34:31.905+0900][gc          ] GC(5) Pause Remark 145M->145M(1024M) 13.964ms
[2024-02-18T13:34:31.905+0900][gc,cpu      ] GC(5) User=0.01s Sys=0.01s Real=0.01s
[2024-02-18T13:34:31.905+0900][gc,marking  ] GC(5) Concurrent Mark 17.764ms
[2024-02-18T13:34:31.906+0900][gc,marking  ] GC(5) Concurrent Rebuild Remembered Sets
[2024-02-18T13:34:31.909+0900][gc,marking  ] GC(5) Concurrent Rebuild Remembered Sets 3.452ms
[2024-02-18T13:34:31.909+0900][gc,start    ] GC(5) Pause Cleanup
[2024-02-18T13:34:31.909+0900][gc          ] GC(5) Pause Cleanup 145M->145M(1024M) 0.116ms
[2024-02-18T13:34:31.909+0900][gc,cpu      ] GC(5) User=0.00s Sys=0.00s Real=0.00s
[2024-02-18T13:34:31.909+0900][gc,marking  ] GC(5) Concurrent Cleanup for Next Mark
[2024-02-18T13:34:31.913+0900][gc,marking  ] GC(5) Concurrent Cleanup for Next Mark 3.378ms
[2024-02-18T13:34:31.913+0900][gc          ] GC(5) Concurrent Mark Cycle 27.225ms
[2024-02-18T13:49:08.477+0900][gc,heap,exit] Heap
[2024-02-18T13:49:08.477+0900][gc,heap,exit]  garbage-first heap   total 1048576K, used 196557K [0x00000007c0000000, 0x0000000800000000)
[2024-02-18T13:49:08.477+0900][gc,heap,exit]   region size 1024K, 50 young (51200K), 2 survivors (2048K)
[2024-02-18T13:49:08.477+0900][gc,heap,exit]  Metaspace       used 41465K, committed 41984K, reserved 1114112K
[2024-02-18T13:49:08.477+0900][gc,heap,exit]   class space    used 4943K, committed 5184K, reserved 1048576K
