[2024-02-18T20:32:51.224+0900][gc] Using G1
[2024-02-18T20:32:51.229+0900][gc,init] Version: 17.0.9+9-jvmci-23.0-b22 (release)
[2024-02-18T20:32:51.229+0900][gc,init] CPUs: 8 total, 8 available
[2024-02-18T20:32:51.229+0900][gc,init] Memory: 16384M
[2024-02-18T20:32:51.229+0900][gc,init] Large Page Support: Disabled
[2024-02-18T20:32:51.229+0900][gc,init] NUMA Support: Disabled
[2024-02-18T20:32:51.229+0900][gc,init] Compressed Oops: Enabled (Zero based)
[2024-02-18T20:32:51.229+0900][gc,init] Heap Region Size: 1M
[2024-02-18T20:32:51.229+0900][gc,init] Heap Min Capacity: 1G
[2024-02-18T20:32:51.229+0900][gc,init] Heap Initial Capacity: 1G
[2024-02-18T20:32:51.229+0900][gc,init] Heap Max Capacity: 1G
[2024-02-18T20:32:51.229+0900][gc,init] Pre-touch: Disabled
[2024-02-18T20:32:51.229+0900][gc,init] Parallel Workers: 8
[2024-02-18T20:32:51.229+0900][gc,init] Concurrent Workers: 2
[2024-02-18T20:32:51.229+0900][gc,init] Concurrent Refinement Workers: 8
[2024-02-18T20:32:51.229+0900][gc,init] Periodic GC: Disabled
[2024-02-18T20:32:51.234+0900][gc,metaspace] CDS archive(s) mapped at: [0x000000012e000000-0x000000012eba8000-0x000000012eba8000), size 12222464, SharedBaseAddress: 0x000000012e000000, ArchiveRelocationMode: 1.
[2024-02-18T20:32:51.234+0900][gc,metaspace] Compressed class space mapped at: 0x000000012f000000-0x000000016f000000, reserved size: 1073741824
[2024-02-18T20:32:51.234+0900][gc,metaspace] Narrow klass base: 0x000000012e000000, Narrow klass shift: 0, Narrow klass range: 0x100000000
[2024-02-18T20:32:52.766+0900][gc,start    ] GC(0) Pause Young (Normal) (G1 Evacuation Pause)
[2024-02-18T20:32:52.766+0900][gc,task     ] GC(0) Using 8 workers of 8 for evacuation
[2024-02-18T20:32:52.776+0900][gc,phases   ] GC(0)   Pre Evacuate Collection Set: 0.1ms
[2024-02-18T20:32:52.776+0900][gc,phases   ] GC(0)   Merge Heap Roots: 0.1ms
[2024-02-18T20:32:52.776+0900][gc,phases   ] GC(0)   Evacuate Collection Set: 9.0ms
[2024-02-18T20:32:52.776+0900][gc,phases   ] GC(0)   Post Evacuate Collection Set: 0.3ms
[2024-02-18T20:32:52.776+0900][gc,phases   ] GC(0)   Other: 0.5ms
[2024-02-18T20:32:52.776+0900][gc,heap     ] GC(0) Eden regions: 51->0(44)
[2024-02-18T20:32:52.776+0900][gc,heap     ] GC(0) Survivor regions: 0->7(7)
[2024-02-18T20:32:52.776+0900][gc,heap     ] GC(0) Old regions: 0->2
[2024-02-18T20:32:52.776+0900][gc,heap     ] GC(0) Archive regions: 2->2
[2024-02-18T20:32:52.776+0900][gc,heap     ] GC(0) Humongous regions: 0->0
[2024-02-18T20:32:52.776+0900][gc,metaspace] GC(0) Metaspace: 18191K(18368K)->18191K(18368K) NonClass: 16103K(16192K)->16103K(16192K) Class: 2087K(2176K)->2087K(2176K)
[2024-02-18T20:32:52.776+0900][gc          ] GC(0) Pause Young (Normal) (G1 Evacuation Pause) 51M->8M(1024M) 10.131ms
[2024-02-18T20:32:52.776+0900][gc,cpu      ] GC(0) User=0.02s Sys=0.01s Real=0.01s
[2024-02-18T20:32:53.187+0900][gc,start    ] GC(1) Pause Young (Concurrent Start) (Metadata GC Threshold)
[2024-02-18T20:32:53.187+0900][gc,task     ] GC(1) Using 8 workers of 8 for evacuation
[2024-02-18T20:32:53.196+0900][gc,phases   ] GC(1)   Pre Evacuate Collection Set: 0.1ms
[2024-02-18T20:32:53.196+0900][gc,phases   ] GC(1)   Merge Heap Roots: 0.0ms
[2024-02-18T20:32:53.196+0900][gc,phases   ] GC(1)   Evacuate Collection Set: 8.2ms
[2024-02-18T20:32:53.196+0900][gc,phases   ] GC(1)   Post Evacuate Collection Set: 0.4ms
[2024-02-18T20:32:53.196+0900][gc,phases   ] GC(1)   Other: 0.2ms
[2024-02-18T20:32:53.196+0900][gc,heap     ] GC(1) Eden regions: 14->0(49)
[2024-02-18T20:32:53.196+0900][gc,heap     ] GC(1) Survivor regions: 7->2(7)
[2024-02-18T20:32:53.196+0900][gc,heap     ] GC(1) Old regions: 2->8
[2024-02-18T20:32:53.196+0900][gc,heap     ] GC(1) Archive regions: 2->2
[2024-02-18T20:32:53.196+0900][gc,heap     ] GC(1) Humongous regions: 129->129
[2024-02-18T20:32:53.196+0900][gc,metaspace] GC(1) Metaspace: 21329K(21504K)->21329K(21504K) NonClass: 18842K(18944K)->18842K(18944K) Class: 2486K(2560K)->2486K(2560K)
[2024-02-18T20:32:53.196+0900][gc          ] GC(1) Pause Young (Concurrent Start) (Metadata GC Threshold) 151M->139M(1024M) 9.086ms
[2024-02-18T20:32:53.196+0900][gc,cpu      ] GC(1) User=0.02s Sys=0.01s Real=0.01s
[2024-02-18T20:32:53.196+0900][gc          ] GC(2) Concurrent Mark Cycle
[2024-02-18T20:32:53.196+0900][gc,marking  ] GC(2) Concurrent Clear Claimed Marks
[2024-02-18T20:32:53.196+0900][gc,marking  ] GC(2) Concurrent Clear Claimed Marks 0.023ms
[2024-02-18T20:32:53.196+0900][gc,marking  ] GC(2) Concurrent Scan Root Regions
[2024-02-18T20:32:53.198+0900][gc,marking  ] GC(2) Concurrent Scan Root Regions 1.940ms
[2024-02-18T20:32:53.198+0900][gc,marking  ] GC(2) Concurrent Mark
[2024-02-18T20:32:53.198+0900][gc,marking  ] GC(2) Concurrent Mark From Roots
[2024-02-18T20:32:53.198+0900][gc,task     ] GC(2) Using 2 workers of 2 for marking
[2024-02-18T20:32:53.200+0900][gc,marking  ] GC(2) Concurrent Mark From Roots 1.894ms
[2024-02-18T20:32:53.201+0900][gc,marking  ] GC(2) Concurrent Preclean
[2024-02-18T20:32:53.201+0900][gc,marking  ] GC(2) Concurrent Preclean 0.046ms
[2024-02-18T20:32:53.201+0900][gc,start    ] GC(2) Pause Remark
[2024-02-18T20:32:53.210+0900][gc          ] GC(2) Pause Remark 139M->139M(1024M) 9.319ms
[2024-02-18T20:32:53.210+0900][gc,cpu      ] GC(2) User=0.01s Sys=0.01s Real=0.01s
[2024-02-18T20:32:53.211+0900][gc,marking  ] GC(2) Concurrent Mark 12.223ms
[2024-02-18T20:32:53.211+0900][gc,marking  ] GC(2) Concurrent Rebuild Remembered Sets
[2024-02-18T20:32:53.213+0900][gc,marking  ] GC(2) Concurrent Rebuild Remembered Sets 2.828ms
[2024-02-18T20:32:53.214+0900][gc,start    ] GC(2) Pause Cleanup
[2024-02-18T20:32:53.214+0900][gc          ] GC(2) Pause Cleanup 139M->139M(1024M) 0.098ms
[2024-02-18T20:32:53.214+0900][gc,cpu      ] GC(2) User=0.00s Sys=0.00s Real=0.00s
[2024-02-18T20:32:53.214+0900][gc,marking  ] GC(2) Concurrent Cleanup for Next Mark
[2024-02-18T20:32:53.217+0900][gc,marking  ] GC(2) Concurrent Cleanup for Next Mark 3.165ms
[2024-02-18T20:32:53.217+0900][gc          ] GC(2) Concurrent Mark Cycle 21.084ms
[2024-02-18T20:32:53.968+0900][gc,start    ] GC(3) Pause Young (Normal) (G1 Evacuation Pause)
[2024-02-18T20:32:53.968+0900][gc,task     ] GC(3) Using 8 workers of 8 for evacuation
[2024-02-18T20:32:53.971+0900][gc,phases   ] GC(3)   Pre Evacuate Collection Set: 0.1ms
[2024-02-18T20:32:53.971+0900][gc,phases   ] GC(3)   Merge Heap Roots: 0.0ms
[2024-02-18T20:32:53.971+0900][gc,phases   ] GC(3)   Evacuate Collection Set: 2.7ms
[2024-02-18T20:32:53.971+0900][gc,phases   ] GC(3)   Post Evacuate Collection Set: 0.3ms
[2024-02-18T20:32:53.971+0900][gc,phases   ] GC(3)   Other: 0.9ms
[2024-02-18T20:32:53.971+0900][gc,heap     ] GC(3) Eden regions: 49->0(45)
[2024-02-18T20:32:53.971+0900][gc,heap     ] GC(3) Survivor regions: 2->6(7)
[2024-02-18T20:32:53.971+0900][gc,heap     ] GC(3) Old regions: 8->8
[2024-02-18T20:32:53.971+0900][gc,heap     ] GC(3) Archive regions: 2->2
[2024-02-18T20:32:53.971+0900][gc,heap     ] GC(3) Humongous regions: 129->129
[2024-02-18T20:32:53.971+0900][gc,metaspace] GC(3) Metaspace: 32558K(32768K)->32558K(32768K) NonClass: 29060K(29184K)->29060K(29184K) Class: 3498K(3584K)->3498K(3584K)
[2024-02-18T20:32:53.971+0900][gc          ] GC(3) Pause Young (Normal) (G1 Evacuation Pause) 188M->143M(1024M) 3.300ms
[2024-02-18T20:32:53.971+0900][gc,cpu      ] GC(3) User=0.02s Sys=0.01s Real=0.01s
[2024-02-18T20:37:01.872+0900][gc,start    ] GC(4) Pause Young (Concurrent Start) (Metadata GC Threshold)
[2024-02-18T20:37:01.872+0900][gc,task     ] GC(4) Using 8 workers of 8 for evacuation
[2024-02-18T20:37:01.877+0900][gc,phases   ] GC(4)   Pre Evacuate Collection Set: 0.2ms
[2024-02-18T20:37:01.877+0900][gc,phases   ] GC(4)   Merge Heap Roots: 0.0ms
[2024-02-18T20:37:01.877+0900][gc,phases   ] GC(4)   Evacuate Collection Set: 4.5ms
[2024-02-18T20:37:01.877+0900][gc,phases   ] GC(4)   Post Evacuate Collection Set: 0.3ms
[2024-02-18T20:37:01.877+0900][gc,phases   ] GC(4)   Other: 0.2ms
[2024-02-18T20:37:01.877+0900][gc,heap     ] GC(4) Eden regions: 17->0(49)
[2024-02-18T20:37:01.877+0900][gc,heap     ] GC(4) Survivor regions: 6->2(7)
[2024-02-18T20:37:01.877+0900][gc,heap     ] GC(4) Old regions: 8->14
[2024-02-18T20:37:01.877+0900][gc,heap     ] GC(4) Archive regions: 2->2
[2024-02-18T20:37:01.877+0900][gc,heap     ] GC(4) Humongous regions: 129->129
[2024-02-18T20:37:01.877+0900][gc,metaspace] GC(4) Metaspace: 35642K(35968K)->35642K(35968K) NonClass: 31677K(31808K)->31677K(31808K) Class: 3964K(4160K)->3964K(4160K)
[2024-02-18T20:37:01.877+0900][gc          ] GC(4) Pause Young (Concurrent Start) (Metadata GC Threshold) 159M->144M(1024M) 5.383ms
[2024-02-18T20:37:01.877+0900][gc,cpu      ] GC(4) User=0.01s Sys=0.01s Real=0.00s
[2024-02-18T20:37:01.877+0900][gc          ] GC(5) Concurrent Mark Cycle
[2024-02-18T20:37:01.877+0900][gc,marking  ] GC(5) Concurrent Clear Claimed Marks
[2024-02-18T20:37:01.877+0900][gc,marking  ] GC(5) Concurrent Clear Claimed Marks 0.017ms
[2024-02-18T20:37:01.877+0900][gc,marking  ] GC(5) Concurrent Scan Root Regions
[2024-02-18T20:37:01.879+0900][gc,marking  ] GC(5) Concurrent Scan Root Regions 1.839ms
[2024-02-18T20:37:01.879+0900][gc,marking  ] GC(5) Concurrent Mark
[2024-02-18T20:37:01.879+0900][gc,marking  ] GC(5) Concurrent Mark From Roots
[2024-02-18T20:37:01.879+0900][gc,task     ] GC(5) Using 2 workers of 2 for marking
[2024-02-18T20:37:01.882+0900][gc,marking  ] GC(5) Concurrent Mark From Roots 3.531ms
[2024-02-18T20:37:01.883+0900][gc,marking  ] GC(5) Concurrent Preclean
[2024-02-18T20:37:01.883+0900][gc,marking  ] GC(5) Concurrent Preclean 0.055ms
[2024-02-18T20:37:01.883+0900][gc,start    ] GC(5) Pause Remark
[2024-02-18T20:37:01.898+0900][gc          ] GC(5) Pause Remark 144M->144M(1024M) 15.069ms
[2024-02-18T20:37:01.898+0900][gc,cpu      ] GC(5) User=0.02s Sys=0.02s Real=0.01s
[2024-02-18T20:37:01.898+0900][gc,marking  ] GC(5) Concurrent Mark 18.909ms
[2024-02-18T20:37:01.898+0900][gc,marking  ] GC(5) Concurrent Rebuild Remembered Sets
[2024-02-18T20:37:01.901+0900][gc,marking  ] GC(5) Concurrent Rebuild Remembered Sets 3.158ms
[2024-02-18T20:37:01.901+0900][gc,start    ] GC(5) Pause Cleanup
[2024-02-18T20:37:01.901+0900][gc          ] GC(5) Pause Cleanup 144M->144M(1024M) 0.129ms
[2024-02-18T20:37:01.901+0900][gc,cpu      ] GC(5) User=0.00s Sys=0.00s Real=0.00s
[2024-02-18T20:37:01.901+0900][gc,marking  ] GC(5) Concurrent Cleanup for Next Mark
[2024-02-18T20:37:01.905+0900][gc,marking  ] GC(5) Concurrent Cleanup for Next Mark 3.206ms
[2024-02-18T20:37:01.905+0900][gc          ] GC(5) Concurrent Mark Cycle 27.600ms
[2024-02-18T20:40:48.479+0900][gc,heap,exit] Heap
[2024-02-18T20:40:48.480+0900][gc,heap,exit]  garbage-first heap   total 1048576K, used 162620K [0x00000007c0000000, 0x0000000800000000)
[2024-02-18T20:40:48.480+0900][gc,heap,exit]   region size 1024K, 17 young (17408K), 2 survivors (2048K)
[2024-02-18T20:40:48.480+0900][gc,heap,exit]  Metaspace       used 36542K, committed 36928K, reserved 1114112K
[2024-02-18T20:40:48.480+0900][gc,heap,exit]   class space    used 4134K, committed 4288K, reserved 1048576K
