[2024-02-18T20:40:53.262+0900][gc] Using G1
[2024-02-18T20:40:53.267+0900][gc,init] Version: 17.0.9+9-jvmci-23.0-b22 (release)
[2024-02-18T20:40:53.267+0900][gc,init] CPUs: 8 total, 8 available
[2024-02-18T20:40:53.267+0900][gc,init] Memory: 16384M
[2024-02-18T20:40:53.267+0900][gc,init] Large Page Support: Disabled
[2024-02-18T20:40:53.267+0900][gc,init] NUMA Support: Disabled
[2024-02-18T20:40:53.267+0900][gc,init] Compressed Oops: Enabled (Zero based)
[2024-02-18T20:40:53.267+0900][gc,init] Heap Region Size: 1M
[2024-02-18T20:40:53.267+0900][gc,init] Heap Min Capacity: 1G
[2024-02-18T20:40:53.267+0900][gc,init] Heap Initial Capacity: 1G
[2024-02-18T20:40:53.267+0900][gc,init] Heap Max Capacity: 1G
[2024-02-18T20:40:53.267+0900][gc,init] Pre-touch: Disabled
[2024-02-18T20:40:53.267+0900][gc,init] Parallel Workers: 8
[2024-02-18T20:40:53.267+0900][gc,init] Concurrent Workers: 2
[2024-02-18T20:40:53.267+0900][gc,init] Concurrent Refinement Workers: 8
[2024-02-18T20:40:53.267+0900][gc,init] Periodic GC: Disabled
[2024-02-18T20:40:53.272+0900][gc,metaspace] CDS archive(s) mapped at: [0x000000012e000000-0x000000012eba8000-0x000000012eba8000), size 12222464, SharedBaseAddress: 0x000000012e000000, ArchiveRelocationMode: 1.
[2024-02-18T20:40:53.272+0900][gc,metaspace] Compressed class space mapped at: 0x000000012f000000-0x000000016f000000, reserved size: 1073741824
[2024-02-18T20:40:53.272+0900][gc,metaspace] Narrow klass base: 0x000000012e000000, Narrow klass shift: 0, Narrow klass range: 0x100000000
[2024-02-18T20:40:54.639+0900][gc,start    ] GC(0) Pause Young (Normal) (G1 Evacuation Pause)
[2024-02-18T20:40:54.640+0900][gc,task     ] GC(0) Using 8 workers of 8 for evacuation
[2024-02-18T20:40:54.649+0900][gc,phases   ] GC(0)   Pre Evacuate Collection Set: 0.1ms
[2024-02-18T20:40:54.649+0900][gc,phases   ] GC(0)   Merge Heap Roots: 0.1ms
[2024-02-18T20:40:54.649+0900][gc,phases   ] GC(0)   Evacuate Collection Set: 8.7ms
[2024-02-18T20:40:54.649+0900][gc,phases   ] GC(0)   Post Evacuate Collection Set: 0.5ms
[2024-02-18T20:40:54.649+0900][gc,phases   ] GC(0)   Other: 0.5ms
[2024-02-18T20:40:54.649+0900][gc,heap     ] GC(0) Eden regions: 51->0(44)
[2024-02-18T20:40:54.649+0900][gc,heap     ] GC(0) Survivor regions: 0->7(7)
[2024-02-18T20:40:54.649+0900][gc,heap     ] GC(0) Old regions: 0->1
[2024-02-18T20:40:54.649+0900][gc,heap     ] GC(0) Archive regions: 2->2
[2024-02-18T20:40:54.649+0900][gc,heap     ] GC(0) Humongous regions: 0->0
[2024-02-18T20:40:54.649+0900][gc,metaspace] GC(0) Metaspace: 18274K(18496K)->18274K(18496K) NonClass: 16181K(16256K)->16181K(16256K) Class: 2092K(2240K)->2092K(2240K)
[2024-02-18T20:40:54.649+0900][gc          ] GC(0) Pause Young (Normal) (G1 Evacuation Pause) 51M->8M(1024M) 10.042ms
[2024-02-18T20:40:54.650+0900][gc,cpu      ] GC(0) User=0.02s Sys=0.01s Real=0.02s
[2024-02-18T20:40:54.972+0900][gc,start    ] GC(1) Pause Young (Concurrent Start) (Metadata GC Threshold)
[2024-02-18T20:40:54.972+0900][gc,task     ] GC(1) Using 8 workers of 8 for evacuation
[2024-02-18T20:40:54.980+0900][gc,phases   ] GC(1)   Pre Evacuate Collection Set: 0.2ms
[2024-02-18T20:40:54.980+0900][gc,phases   ] GC(1)   Merge Heap Roots: 0.1ms
[2024-02-18T20:40:54.980+0900][gc,phases   ] GC(1)   Evacuate Collection Set: 7.8ms
[2024-02-18T20:40:54.980+0900][gc,phases   ] GC(1)   Post Evacuate Collection Set: 0.3ms
[2024-02-18T20:40:54.980+0900][gc,phases   ] GC(1)   Other: 0.2ms
[2024-02-18T20:40:54.980+0900][gc,heap     ] GC(1) Eden regions: 13->0(49)
[2024-02-18T20:40:54.980+0900][gc,heap     ] GC(1) Survivor regions: 7->2(7)
[2024-02-18T20:40:54.980+0900][gc,heap     ] GC(1) Old regions: 1->8
[2024-02-18T20:40:54.980+0900][gc,heap     ] GC(1) Archive regions: 2->2
[2024-02-18T20:40:54.980+0900][gc,heap     ] GC(1) Humongous regions: 129->129
[2024-02-18T20:40:54.980+0900][gc,metaspace] GC(1) Metaspace: 21305K(21504K)->21305K(21504K) NonClass: 18830K(18944K)->18830K(18944K) Class: 2475K(2560K)->2475K(2560K)
[2024-02-18T20:40:54.980+0900][gc          ] GC(1) Pause Young (Concurrent Start) (Metadata GC Threshold) 150M->139M(1024M) 8.544ms
[2024-02-18T20:40:54.980+0900][gc,cpu      ] GC(1) User=0.02s Sys=0.01s Real=0.01s
[2024-02-18T20:40:54.981+0900][gc          ] GC(2) Concurrent Mark Cycle
[2024-02-18T20:40:54.981+0900][gc,marking  ] GC(2) Concurrent Clear Claimed Marks
[2024-02-18T20:40:54.981+0900][gc,marking  ] GC(2) Concurrent Clear Claimed Marks 0.013ms
[2024-02-18T20:40:54.981+0900][gc,marking  ] GC(2) Concurrent Scan Root Regions
[2024-02-18T20:40:54.983+0900][gc,marking  ] GC(2) Concurrent Scan Root Regions 2.380ms
[2024-02-18T20:40:54.983+0900][gc,marking  ] GC(2) Concurrent Mark
[2024-02-18T20:40:54.983+0900][gc,marking  ] GC(2) Concurrent Mark From Roots
[2024-02-18T20:40:54.983+0900][gc,task     ] GC(2) Using 2 workers of 2 for marking
[2024-02-18T20:40:54.985+0900][gc,marking  ] GC(2) Concurrent Mark From Roots 1.527ms
[2024-02-18T20:40:54.985+0900][gc,marking  ] GC(2) Concurrent Preclean
[2024-02-18T20:40:54.985+0900][gc,marking  ] GC(2) Concurrent Preclean 0.033ms
[2024-02-18T20:40:54.985+0900][gc,start    ] GC(2) Pause Remark
[2024-02-18T20:40:54.993+0900][gc          ] GC(2) Pause Remark 139M->139M(1024M) 8.281ms
[2024-02-18T20:40:54.994+0900][gc,cpu      ] GC(2) User=0.01s Sys=0.01s Real=0.01s
[2024-02-18T20:40:54.994+0900][gc,marking  ] GC(2) Concurrent Mark 10.589ms
[2024-02-18T20:40:54.994+0900][gc,marking  ] GC(2) Concurrent Rebuild Remembered Sets
[2024-02-18T20:40:54.995+0900][gc,marking  ] GC(2) Concurrent Rebuild Remembered Sets 1.818ms
[2024-02-18T20:40:54.996+0900][gc,start    ] GC(2) Pause Cleanup
[2024-02-18T20:40:54.996+0900][gc          ] GC(2) Pause Cleanup 139M->139M(1024M) 0.083ms
[2024-02-18T20:40:54.996+0900][gc,cpu      ] GC(2) User=0.00s Sys=0.00s Real=0.00s
[2024-02-18T20:40:54.996+0900][gc,marking  ] GC(2) Concurrent Cleanup for Next Mark
[2024-02-18T20:40:54.999+0900][gc,marking  ] GC(2) Concurrent Cleanup for Next Mark 3.162ms
[2024-02-18T20:40:54.999+0900][gc          ] GC(2) Concurrent Mark Cycle 18.441ms
[2024-02-18T20:40:55.720+0900][gc,start    ] GC(3) Pause Young (Normal) (G1 Evacuation Pause)
[2024-02-18T20:40:55.720+0900][gc,task     ] GC(3) Using 8 workers of 8 for evacuation
[2024-02-18T20:40:55.724+0900][gc,phases   ] GC(3)   Pre Evacuate Collection Set: 0.1ms
[2024-02-18T20:40:55.724+0900][gc,phases   ] GC(3)   Merge Heap Roots: 0.0ms
[2024-02-18T20:40:55.724+0900][gc,phases   ] GC(3)   Evacuate Collection Set: 3.1ms
[2024-02-18T20:40:55.724+0900][gc,phases   ] GC(3)   Post Evacuate Collection Set: 0.3ms
[2024-02-18T20:40:55.724+0900][gc,phases   ] GC(3)   Other: 0.4ms
[2024-02-18T20:40:55.724+0900][gc,heap     ] GC(3) Eden regions: 49->0(45)
[2024-02-18T20:40:55.724+0900][gc,heap     ] GC(3) Survivor regions: 2->6(7)
[2024-02-18T20:40:55.724+0900][gc,heap     ] GC(3) Old regions: 8->8
[2024-02-18T20:40:55.724+0900][gc,heap     ] GC(3) Archive regions: 2->2
[2024-02-18T20:40:55.724+0900][gc,heap     ] GC(3) Humongous regions: 129->129
[2024-02-18T20:40:55.724+0900][gc,metaspace] GC(3) Metaspace: 32385K(32576K)->32385K(32576K) NonClass: 28869K(28992K)->28869K(28992K) Class: 3515K(3584K)->3515K(3584K)
[2024-02-18T20:40:55.724+0900][gc          ] GC(3) Pause Young (Normal) (G1 Evacuation Pause) 188M->143M(1024M) 3.822ms
[2024-02-18T20:40:55.724+0900][gc,cpu      ] GC(3) User=0.01s Sys=0.00s Real=0.00s
[2024-02-18T20:41:34.310+0900][gc,start    ] GC(4) Pause Young (Concurrent Start) (Metadata GC Threshold)
[2024-02-18T20:41:34.310+0900][gc,task     ] GC(4) Using 8 workers of 8 for evacuation
[2024-02-18T20:41:34.316+0900][gc,phases   ] GC(4)   Pre Evacuate Collection Set: 0.1ms
[2024-02-18T20:41:34.316+0900][gc,phases   ] GC(4)   Merge Heap Roots: 0.1ms
[2024-02-18T20:41:34.316+0900][gc,phases   ] GC(4)   Evacuate Collection Set: 6.0ms
[2024-02-18T20:41:34.316+0900][gc,phases   ] GC(4)   Post Evacuate Collection Set: 0.4ms
[2024-02-18T20:41:34.316+0900][gc,phases   ] GC(4)   Other: 0.2ms
[2024-02-18T20:41:34.316+0900][gc,heap     ] GC(4) Eden regions: 17->0(49)
[2024-02-18T20:41:34.316+0900][gc,heap     ] GC(4) Survivor regions: 6->2(7)
[2024-02-18T20:41:34.316+0900][gc,heap     ] GC(4) Old regions: 8->14
[2024-02-18T20:41:34.316+0900][gc,heap     ] GC(4) Archive regions: 2->2
[2024-02-18T20:41:34.316+0900][gc,heap     ] GC(4) Humongous regions: 129->129
[2024-02-18T20:41:34.316+0900][gc,metaspace] GC(4) Metaspace: 35628K(35968K)->35628K(35968K) NonClass: 31646K(31808K)->31646K(31808K) Class: 3982K(4160K)->3982K(4160K)
[2024-02-18T20:41:34.316+0900][gc          ] GC(4) Pause Young (Concurrent Start) (Metadata GC Threshold) 159M->144M(1024M) 6.815ms
[2024-02-18T20:41:34.316+0900][gc,cpu      ] GC(4) User=0.02s Sys=0.01s Real=0.00s
[2024-02-18T20:41:34.316+0900][gc          ] GC(5) Concurrent Mark Cycle
[2024-02-18T20:41:34.316+0900][gc,marking  ] GC(5) Concurrent Clear Claimed Marks
[2024-02-18T20:41:34.316+0900][gc,marking  ] GC(5) Concurrent Clear Claimed Marks 0.021ms
[2024-02-18T20:41:34.316+0900][gc,marking  ] GC(5) Concurrent Scan Root Regions
[2024-02-18T20:41:34.319+0900][gc,marking  ] GC(5) Concurrent Scan Root Regions 2.142ms
[2024-02-18T20:41:34.319+0900][gc,marking  ] GC(5) Concurrent Mark
[2024-02-18T20:41:34.319+0900][gc,marking  ] GC(5) Concurrent Mark From Roots
[2024-02-18T20:41:34.319+0900][gc,task     ] GC(5) Using 2 workers of 2 for marking
[2024-02-18T20:41:34.323+0900][gc,marking  ] GC(5) Concurrent Mark From Roots 4.058ms
[2024-02-18T20:41:34.323+0900][gc,marking  ] GC(5) Concurrent Preclean
[2024-02-18T20:41:34.323+0900][gc,marking  ] GC(5) Concurrent Preclean 0.055ms
[2024-02-18T20:41:34.323+0900][gc,start    ] GC(5) Pause Remark
[2024-02-18T20:41:34.338+0900][gc          ] GC(5) Pause Remark 144M->144M(1024M) 14.579ms
[2024-02-18T20:41:34.338+0900][gc,cpu      ] GC(5) User=0.01s Sys=0.01s Real=0.01s
[2024-02-18T20:41:34.338+0900][gc,marking  ] GC(5) Concurrent Mark 19.167ms
[2024-02-18T20:41:34.338+0900][gc,marking  ] GC(5) Concurrent Rebuild Remembered Sets
[2024-02-18T20:41:34.341+0900][gc,marking  ] GC(5) Concurrent Rebuild Remembered Sets 3.365ms
[2024-02-18T20:41:34.342+0900][gc,start    ] GC(5) Pause Cleanup
[2024-02-18T20:41:34.342+0900][gc          ] GC(5) Pause Cleanup 144M->144M(1024M) 0.119ms
[2024-02-18T20:41:34.342+0900][gc,cpu      ] GC(5) User=0.00s Sys=0.00s Real=0.00s
[2024-02-18T20:41:34.342+0900][gc,marking  ] GC(5) Concurrent Cleanup for Next Mark
[2024-02-18T20:41:34.345+0900][gc,marking  ] GC(5) Concurrent Cleanup for Next Mark 3.545ms
[2024-02-18T20:41:34.345+0900][gc          ] GC(5) Concurrent Mark Cycle 28.829ms
[2024-02-18T20:47:17.988+0900][gc,start    ] GC(6) Pause Young (Normal) (G1 Evacuation Pause)
[2024-02-18T20:47:17.988+0900][gc,task     ] GC(6) Using 8 workers of 8 for evacuation
[2024-02-18T20:47:18.021+0900][gc,mmu      ] GC(6) MMU target violated: 21.0ms (20.0ms/21.0ms)
[2024-02-18T20:47:18.021+0900][gc,phases   ] GC(6)   Pre Evacuate Collection Set: 0.4ms
[2024-02-18T20:47:18.021+0900][gc,phases   ] GC(6)   Merge Heap Roots: 0.2ms
[2024-02-18T20:47:18.021+0900][gc,phases   ] GC(6)   Evacuate Collection Set: 31.4ms
[2024-02-18T20:47:18.021+0900][gc,phases   ] GC(6)   Post Evacuate Collection Set: 0.7ms
[2024-02-18T20:47:18.021+0900][gc,phases   ] GC(6)   Other: 0.6ms
[2024-02-18T20:47:18.021+0900][gc,heap     ] GC(6) Eden regions: 49->0(46)
[2024-02-18T20:47:18.021+0900][gc,heap     ] GC(6) Survivor regions: 2->5(7)
[2024-02-18T20:47:18.021+0900][gc,heap     ] GC(6) Old regions: 14->14
[2024-02-18T20:47:18.021+0900][gc,heap     ] GC(6) Archive regions: 2->2
[2024-02-18T20:47:18.021+0900][gc,heap     ] GC(6) Humongous regions: 129->129
[2024-02-18T20:47:18.021+0900][gc,metaspace] GC(6) Metaspace: 41456K(41984K)->41456K(41984K) NonClass: 36699K(36992K)->36699K(36992K) Class: 4756K(4992K)->4756K(4992K)
[2024-02-18T20:47:18.021+0900][gc          ] GC(6) Pause Young (Normal) (G1 Evacuation Pause) 193M->147M(1024M) 33.216ms
[2024-02-18T20:47:18.021+0900][gc,cpu      ] GC(6) User=0.05s Sys=0.03s Real=0.04s
[2024-02-18T20:54:18.402+0900][gc,start    ] GC(7) Pause Young (Normal) (G1 Evacuation Pause)
[2024-02-18T20:54:18.402+0900][gc,task     ] GC(7) Using 8 workers of 8 for evacuation
[2024-02-18T20:54:18.416+0900][gc,phases   ] GC(7)   Pre Evacuate Collection Set: 0.2ms
[2024-02-18T20:54:18.416+0900][gc,phases   ] GC(7)   Merge Heap Roots: 0.1ms
[2024-02-18T20:54:18.416+0900][gc,phases   ] GC(7)   Evacuate Collection Set: 13.1ms
[2024-02-18T20:54:18.416+0900][gc,phases   ] GC(7)   Post Evacuate Collection Set: 0.4ms
[2024-02-18T20:54:18.416+0900][gc,phases   ] GC(7)   Other: 0.2ms
[2024-02-18T20:54:18.416+0900][gc,heap     ] GC(7) Eden regions: 46->0(48)
[2024-02-18T20:54:18.416+0900][gc,heap     ] GC(7) Survivor regions: 5->3(7)
[2024-02-18T20:54:18.416+0900][gc,heap     ] GC(7) Old regions: 14->16
[2024-02-18T20:54:18.416+0900][gc,heap     ] GC(7) Archive regions: 2->2
[2024-02-18T20:54:18.416+0900][gc,heap     ] GC(7) Humongous regions: 129->129
[2024-02-18T20:54:18.416+0900][gc,metaspace] GC(7) Metaspace: 41553K(42048K)->41553K(42048K) NonClass: 36790K(37056K)->36790K(37056K) Class: 4762K(4992K)->4762K(4992K)
[2024-02-18T20:54:18.416+0900][gc          ] GC(7) Pause Young (Normal) (G1 Evacuation Pause) 193M->147M(1024M) 14.090ms
[2024-02-18T20:54:18.416+0900][gc,cpu      ] GC(7) User=0.03s Sys=0.01s Real=0.01s
[2024-02-18T21:02:22.924+0900][gc,start    ] GC(8) Pause Young (Normal) (G1 Evacuation Pause)
[2024-02-18T21:02:22.924+0900][gc,task     ] GC(8) Using 8 workers of 8 for evacuation
[2024-02-18T21:02:22.931+0900][gc,phases   ] GC(8)   Pre Evacuate Collection Set: 0.2ms
[2024-02-18T21:02:22.931+0900][gc,phases   ] GC(8)   Merge Heap Roots: 0.1ms
[2024-02-18T21:02:22.931+0900][gc,phases   ] GC(8)   Evacuate Collection Set: 6.0ms
[2024-02-18T21:02:22.931+0900][gc,phases   ] GC(8)   Post Evacuate Collection Set: 0.4ms
[2024-02-18T21:02:22.931+0900][gc,phases   ] GC(8)   Other: 0.3ms
[2024-02-18T21:02:22.931+0900][gc,heap     ] GC(8) Eden regions: 48->0(46)
[2024-02-18T21:02:22.931+0900][gc,heap     ] GC(8) Survivor regions: 3->5(7)
[2024-02-18T21:02:22.931+0900][gc,heap     ] GC(8) Old regions: 16->16
[2024-02-18T21:02:22.931+0900][gc,heap     ] GC(8) Archive regions: 2->2
[2024-02-18T21:02:22.931+0900][gc,heap     ] GC(8) Humongous regions: 129->129
[2024-02-18T21:02:22.931+0900][gc,metaspace] GC(8) Metaspace: 41720K(42240K)->41720K(42240K) NonClass: 36957K(37248K)->36957K(37248K) Class: 4762K(4992K)->4762K(4992K)
[2024-02-18T21:02:22.931+0900][gc          ] GC(8) Pause Young (Normal) (G1 Evacuation Pause) 195M->150M(1024M) 7.180ms
[2024-02-18T21:02:22.931+0900][gc,cpu      ] GC(8) User=0.03s Sys=0.01s Real=0.01s
[2024-02-18T21:08:18.895+0900][gc,start    ] GC(9) Pause Young (Normal) (G1 Evacuation Pause)
[2024-02-18T21:08:18.895+0900][gc,task     ] GC(9) Using 8 workers of 8 for evacuation
[2024-02-18T21:08:18.905+0900][gc,phases   ] GC(9)   Pre Evacuate Collection Set: 0.5ms
[2024-02-18T21:08:18.905+0900][gc,phases   ] GC(9)   Merge Heap Roots: 0.2ms
[2024-02-18T21:08:18.905+0900][gc,phases   ] GC(9)   Evacuate Collection Set: 9.0ms
[2024-02-18T21:08:18.905+0900][gc,phases   ] GC(9)   Post Evacuate Collection Set: 0.4ms
[2024-02-18T21:08:18.905+0900][gc,phases   ] GC(9)   Other: 0.3ms
[2024-02-18T21:08:18.905+0900][gc,heap     ] GC(9) Eden regions: 46->0(52)
[2024-02-18T21:08:18.905+0900][gc,heap     ] GC(9) Survivor regions: 5->4(7)
[2024-02-18T21:08:18.905+0900][gc,heap     ] GC(9) Old regions: 16->20
[2024-02-18T21:08:18.905+0900][gc,heap     ] GC(9) Archive regions: 2->2
[2024-02-18T21:08:18.905+0900][gc,heap     ] GC(9) Humongous regions: 129->129
[2024-02-18T21:08:18.905+0900][gc,metaspace] GC(9) Metaspace: 42351K(42816K)->42351K(42816K) NonClass: 37519K(37760K)->37519K(37760K) Class: 4832K(5056K)->4832K(5056K)
[2024-02-18T21:08:18.905+0900][gc          ] GC(9) Pause Young (Normal) (G1 Evacuation Pause) 196M->152M(1024M) 10.425ms
[2024-02-18T21:08:18.905+0900][gc,cpu      ] GC(9) User=0.04s Sys=0.02s Real=0.01s
[2024-02-18T21:15:24.152+0900][gc,start    ] GC(10) Pause Young (Normal) (G1 Evacuation Pause)
[2024-02-18T21:15:24.152+0900][gc,task     ] GC(10) Using 8 workers of 8 for evacuation
[2024-02-18T21:15:24.178+0900][gc,mmu      ] GC(10) MMU target violated: 21.0ms (20.0ms/21.0ms)
[2024-02-18T21:15:24.178+0900][gc,phases   ] GC(10)   Pre Evacuate Collection Set: 0.4ms
[2024-02-18T21:15:24.178+0900][gc,phases   ] GC(10)   Merge Heap Roots: 0.1ms
[2024-02-18T21:15:24.178+0900][gc,phases   ] GC(10)   Evacuate Collection Set: 23.5ms
[2024-02-18T21:15:24.178+0900][gc,phases   ] GC(10)   Post Evacuate Collection Set: 1.1ms
[2024-02-18T21:15:24.178+0900][gc,phases   ] GC(10)   Other: 0.7ms
[2024-02-18T21:15:24.178+0900][gc,heap     ] GC(10) Eden regions: 51->0(44)
[2024-02-18T21:15:24.178+0900][gc,heap     ] GC(10) Survivor regions: 4->7(7)
[2024-02-18T21:15:24.178+0900][gc,heap     ] GC(10) Old regions: 20->21
[2024-02-18T21:15:24.178+0900][gc,heap     ] GC(10) Archive regions: 2->2
[2024-02-18T21:15:24.178+0900][gc,heap     ] GC(10) Humongous regions: 129->129
[2024-02-18T21:15:24.178+0900][gc,metaspace] GC(10) Metaspace: 42508K(43072K)->42508K(43072K) NonClass: 37676K(38016K)->37676K(38016K) Class: 4832K(5056K)->4832K(5056K)
[2024-02-18T21:15:24.178+0900][gc          ] GC(10) Pause Young (Normal) (G1 Evacuation Pause) 203M->156M(1024M) 25.785ms
[2024-02-18T21:15:24.178+0900][gc,cpu      ] GC(10) User=0.06s Sys=0.02s Real=0.02s
[2024-02-18T21:21:26.788+0900][gc,start    ] GC(11) Pause Young (Normal) (G1 Evacuation Pause)
[2024-02-18T21:21:26.789+0900][gc,task     ] GC(11) Using 8 workers of 8 for evacuation
[2024-02-18T21:21:26.812+0900][gc,mmu      ] GC(11) MMU target violated: 21.0ms (20.0ms/21.0ms)
[2024-02-18T21:21:26.813+0900][gc,phases   ] GC(11)   Pre Evacuate Collection Set: 0.6ms
[2024-02-18T21:21:26.813+0900][gc,phases   ] GC(11)   Merge Heap Roots: 0.2ms
[2024-02-18T21:21:26.813+0900][gc,phases   ] GC(11)   Evacuate Collection Set: 22.0ms
[2024-02-18T21:21:26.813+0900][gc,phases   ] GC(11)   Post Evacuate Collection Set: 0.7ms
[2024-02-18T21:21:26.813+0900][gc,phases   ] GC(11)   Other: 1.6ms
[2024-02-18T21:21:26.813+0900][gc,heap     ] GC(11) Eden regions: 44->0(74)
[2024-02-18T21:21:26.813+0900][gc,heap     ] GC(11) Survivor regions: 7->4(7)
[2024-02-18T21:21:26.813+0900][gc,heap     ] GC(11) Old regions: 21->26
[2024-02-18T21:21:26.813+0900][gc,heap     ] GC(11) Archive regions: 2->2
[2024-02-18T21:21:26.813+0900][gc,heap     ] GC(11) Humongous regions: 129->129
[2024-02-18T21:21:26.813+0900][gc,metaspace] GC(11) Metaspace: 43211K(43712K)->43211K(43712K) NonClass: 38263K(38528K)->38263K(38528K) Class: 4948K(5184K)->4948K(5184K)
[2024-02-18T21:21:26.813+0900][gc          ] GC(11) Pause Young (Normal) (G1 Evacuation Pause) 200M->159M(1024M) 25.102ms
[2024-02-18T21:21:26.813+0900][gc,cpu      ] GC(11) User=0.06s Sys=0.02s Real=0.03s
