[2024-02-18T14:02:25.885+0900][gc] Using G1
[2024-02-18T14:02:25.889+0900][gc,init] Version: 17.0.9+9-jvmci-23.0-b22 (release)
[2024-02-18T14:02:25.889+0900][gc,init] CPUs: 8 total, 8 available
[2024-02-18T14:02:25.889+0900][gc,init] Memory: 16384M
[2024-02-18T14:02:25.889+0900][gc,init] Large Page Support: Disabled
[2024-02-18T14:02:25.889+0900][gc,init] NUMA Support: Disabled
[2024-02-18T14:02:25.889+0900][gc,init] Compressed Oops: Enabled (Zero based)
[2024-02-18T14:02:25.889+0900][gc,init] Heap Region Size: 1M
[2024-02-18T14:02:25.889+0900][gc,init] Heap Min Capacity: 1G
[2024-02-18T14:02:25.889+0900][gc,init] Heap Initial Capacity: 1G
[2024-02-18T14:02:25.889+0900][gc,init] Heap Max Capacity: 1G
[2024-02-18T14:02:25.889+0900][gc,init] Pre-touch: Disabled
[2024-02-18T14:02:25.889+0900][gc,init] Parallel Workers: 8
[2024-02-18T14:02:25.889+0900][gc,init] Concurrent Workers: 2
[2024-02-18T14:02:25.889+0900][gc,init] Concurrent Refinement Workers: 8
[2024-02-18T14:02:25.889+0900][gc,init] Periodic GC: Disabled
[2024-02-18T14:02:25.894+0900][gc,metaspace] CDS archive(s) mapped at: [0x000000012c000000-0x000000012cba8000-0x000000012cba8000), size 12222464, SharedBaseAddress: 0x000000012c000000, ArchiveRelocationMode: 1.
[2024-02-18T14:02:25.894+0900][gc,metaspace] Compressed class space mapped at: 0x000000012d000000-0x000000016d000000, reserved size: 1073741824
[2024-02-18T14:02:25.894+0900][gc,metaspace] Narrow klass base: 0x000000012c000000, Narrow klass shift: 0, Narrow klass range: 0x100000000
[2024-02-18T14:02:27.268+0900][gc,start    ] GC(0) Pause Young (Normal) (G1 Evacuation Pause)
[2024-02-18T14:02:27.269+0900][gc,task     ] GC(0) Using 8 workers of 8 for evacuation
[2024-02-18T14:02:27.279+0900][gc,phases   ] GC(0)   Pre Evacuate Collection Set: 0.1ms
[2024-02-18T14:02:27.279+0900][gc,phases   ] GC(0)   Merge Heap Roots: 0.1ms
[2024-02-18T14:02:27.279+0900][gc,phases   ] GC(0)   Evacuate Collection Set: 9.2ms
[2024-02-18T14:02:27.279+0900][gc,phases   ] GC(0)   Post Evacuate Collection Set: 0.4ms
[2024-02-18T14:02:27.279+0900][gc,phases   ] GC(0)   Other: 0.6ms
[2024-02-18T14:02:27.279+0900][gc,heap     ] GC(0) Eden regions: 51->0(44)
[2024-02-18T14:02:27.279+0900][gc,heap     ] GC(0) Survivor regions: 0->7(7)
[2024-02-18T14:02:27.279+0900][gc,heap     ] GC(0) Old regions: 0->2
[2024-02-18T14:02:27.279+0900][gc,heap     ] GC(0) Archive regions: 2->2
[2024-02-18T14:02:27.279+0900][gc,heap     ] GC(0) Humongous regions: 0->0
[2024-02-18T14:02:27.279+0900][gc,metaspace] GC(0) Metaspace: 18160K(18368K)->18160K(18368K) NonClass: 16078K(16192K)->16078K(16192K) Class: 2081K(2176K)->2081K(2176K)
[2024-02-18T14:02:27.279+0900][gc          ] GC(0) Pause Young (Normal) (G1 Evacuation Pause) 51M->8M(1024M) 10.454ms
[2024-02-18T14:02:27.279+0900][gc,cpu      ] GC(0) User=0.02s Sys=0.01s Real=0.01s
[2024-02-18T14:02:27.605+0900][gc,start    ] GC(1) Pause Young (Concurrent Start) (Metadata GC Threshold)
[2024-02-18T14:02:27.605+0900][gc,task     ] GC(1) Using 8 workers of 8 for evacuation
[2024-02-18T14:02:27.613+0900][gc,phases   ] GC(1)   Pre Evacuate Collection Set: 0.2ms
[2024-02-18T14:02:27.613+0900][gc,phases   ] GC(1)   Merge Heap Roots: 0.0ms
[2024-02-18T14:02:27.613+0900][gc,phases   ] GC(1)   Evacuate Collection Set: 7.2ms
[2024-02-18T14:02:27.613+0900][gc,phases   ] GC(1)   Post Evacuate Collection Set: 0.3ms
[2024-02-18T14:02:27.613+0900][gc,phases   ] GC(1)   Other: 0.2ms
[2024-02-18T14:02:27.613+0900][gc,heap     ] GC(1) Eden regions: 14->0(49)
[2024-02-18T14:02:27.613+0900][gc,heap     ] GC(1) Survivor regions: 7->2(7)
[2024-02-18T14:02:27.613+0900][gc,heap     ] GC(1) Old regions: 2->8
[2024-02-18T14:02:27.613+0900][gc,heap     ] GC(1) Archive regions: 2->2
[2024-02-18T14:02:27.613+0900][gc,heap     ] GC(1) Humongous regions: 129->129
[2024-02-18T14:02:27.613+0900][gc,metaspace] GC(1) Metaspace: 21369K(21504K)->21369K(21504K) NonClass: 18876K(18944K)->18876K(18944K) Class: 2492K(2560K)->2492K(2560K)
[2024-02-18T14:02:27.613+0900][gc          ] GC(1) Pause Young (Concurrent Start) (Metadata GC Threshold) 151M->139M(1024M) 8.009ms
[2024-02-18T14:02:27.613+0900][gc,cpu      ] GC(1) User=0.02s Sys=0.01s Real=0.01s
[2024-02-18T14:02:27.614+0900][gc          ] GC(2) Concurrent Mark Cycle
[2024-02-18T14:02:27.614+0900][gc,marking  ] GC(2) Concurrent Clear Claimed Marks
[2024-02-18T14:02:27.614+0900][gc,marking  ] GC(2) Concurrent Clear Claimed Marks 0.014ms
[2024-02-18T14:02:27.614+0900][gc,marking  ] GC(2) Concurrent Scan Root Regions
[2024-02-18T14:02:27.616+0900][gc,marking  ] GC(2) Concurrent Scan Root Regions 1.985ms
[2024-02-18T14:02:27.616+0900][gc,marking  ] GC(2) Concurrent Mark
[2024-02-18T14:02:27.616+0900][gc,marking  ] GC(2) Concurrent Mark From Roots
[2024-02-18T14:02:27.616+0900][gc,task     ] GC(2) Using 2 workers of 2 for marking
[2024-02-18T14:02:27.617+0900][gc,marking  ] GC(2) Concurrent Mark From Roots 1.655ms
[2024-02-18T14:02:27.618+0900][gc,marking  ] GC(2) Concurrent Preclean
[2024-02-18T14:02:27.618+0900][gc,marking  ] GC(2) Concurrent Preclean 0.031ms
[2024-02-18T14:02:27.618+0900][gc,start    ] GC(2) Pause Remark
[2024-02-18T14:02:27.627+0900][gc          ] GC(2) Pause Remark 139M->139M(1024M) 8.618ms
[2024-02-18T14:02:27.627+0900][gc,cpu      ] GC(2) User=0.01s Sys=0.01s Real=0.01s
[2024-02-18T14:02:27.627+0900][gc,marking  ] GC(2) Concurrent Mark 11.222ms
[2024-02-18T14:02:27.627+0900][gc,marking  ] GC(2) Concurrent Rebuild Remembered Sets
[2024-02-18T14:02:27.627+0900][gc,marking  ] GC(2) Concurrent Rebuild Remembered Sets 0.006ms
[2024-02-18T14:02:27.627+0900][gc,start    ] GC(2) Pause Cleanup
[2024-02-18T14:02:27.627+0900][gc          ] GC(2) Pause Cleanup 139M->139M(1024M) 0.015ms
[2024-02-18T14:02:27.627+0900][gc,cpu      ] GC(2) User=0.00s Sys=0.00s Real=0.00s
[2024-02-18T14:02:27.627+0900][gc,marking  ] GC(2) Concurrent Cleanup for Next Mark
[2024-02-18T14:02:27.631+0900][gc,marking  ] GC(2) Concurrent Cleanup for Next Mark 3.475ms
[2024-02-18T14:02:27.631+0900][gc          ] GC(2) Concurrent Mark Cycle 17.215ms
[2024-02-18T14:02:28.382+0900][gc,start    ] GC(3) Pause Young (Normal) (G1 Evacuation Pause)
[2024-02-18T14:02:28.382+0900][gc,task     ] GC(3) Using 8 workers of 8 for evacuation
[2024-02-18T14:02:28.386+0900][gc,phases   ] GC(3)   Pre Evacuate Collection Set: 0.1ms
[2024-02-18T14:02:28.386+0900][gc,phases   ] GC(3)   Merge Heap Roots: 0.0ms
[2024-02-18T14:02:28.386+0900][gc,phases   ] GC(3)   Evacuate Collection Set: 3.8ms
[2024-02-18T14:02:28.386+0900][gc,phases   ] GC(3)   Post Evacuate Collection Set: 0.3ms
[2024-02-18T14:02:28.386+0900][gc,phases   ] GC(3)   Other: 0.3ms
[2024-02-18T14:02:28.386+0900][gc,heap     ] GC(3) Eden regions: 49->0(45)
[2024-02-18T14:02:28.386+0900][gc,heap     ] GC(3) Survivor regions: 2->6(7)
[2024-02-18T14:02:28.386+0900][gc,heap     ] GC(3) Old regions: 8->8
[2024-02-18T14:02:28.386+0900][gc,heap     ] GC(3) Archive regions: 2->2
[2024-02-18T14:02:28.386+0900][gc,heap     ] GC(3) Humongous regions: 129->129
[2024-02-18T14:02:28.386+0900][gc,metaspace] GC(3) Metaspace: 32544K(32768K)->32544K(32768K) NonClass: 29044K(29184K)->29044K(29184K) Class: 3499K(3584K)->3499K(3584K)
[2024-02-18T14:02:28.386+0900][gc          ] GC(3) Pause Young (Normal) (G1 Evacuation Pause) 188M->143M(1024M) 4.508ms
[2024-02-18T14:02:28.386+0900][gc,cpu      ] GC(3) User=0.01s Sys=0.00s Real=0.00s
[2024-02-18T14:05:34.590+0900][gc,start    ] GC(4) Pause Young (Concurrent Start) (Metadata GC Threshold)
[2024-02-18T14:05:34.590+0900][gc,task     ] GC(4) Using 8 workers of 8 for evacuation
[2024-02-18T14:05:34.596+0900][gc,phases   ] GC(4)   Pre Evacuate Collection Set: 0.1ms
[2024-02-18T14:05:34.597+0900][gc,phases   ] GC(4)   Merge Heap Roots: 0.1ms
[2024-02-18T14:05:34.597+0900][gc,phases   ] GC(4)   Evacuate Collection Set: 5.4ms
[2024-02-18T14:05:34.597+0900][gc,phases   ] GC(4)   Post Evacuate Collection Set: 0.3ms
[2024-02-18T14:05:34.597+0900][gc,phases   ] GC(4)   Other: 0.2ms
[2024-02-18T14:05:34.597+0900][gc,heap     ] GC(4) Eden regions: 17->0(49)
[2024-02-18T14:05:34.597+0900][gc,heap     ] GC(4) Survivor regions: 6->2(7)
[2024-02-18T14:05:34.597+0900][gc,heap     ] GC(4) Old regions: 8->14
[2024-02-18T14:05:34.597+0900][gc,heap     ] GC(4) Archive regions: 2->2
[2024-02-18T14:05:34.597+0900][gc,heap     ] GC(4) Humongous regions: 129->129
[2024-02-18T14:05:34.597+0900][gc,metaspace] GC(4) Metaspace: 35600K(35968K)->35600K(35968K) NonClass: 31643K(31808K)->31643K(31808K) Class: 3956K(4160K)->3956K(4160K)
[2024-02-18T14:05:34.597+0900][gc          ] GC(4) Pause Young (Concurrent Start) (Metadata GC Threshold) 159M->144M(1024M) 6.143ms
[2024-02-18T14:05:34.597+0900][gc,cpu      ] GC(4) User=0.02s Sys=0.01s Real=0.00s
[2024-02-18T14:05:34.597+0900][gc          ] GC(5) Concurrent Mark Cycle
[2024-02-18T14:05:34.597+0900][gc,marking  ] GC(5) Concurrent Clear Claimed Marks
[2024-02-18T14:05:34.597+0900][gc,marking  ] GC(5) Concurrent Clear Claimed Marks 0.023ms
[2024-02-18T14:05:34.597+0900][gc,marking  ] GC(5) Concurrent Scan Root Regions
[2024-02-18T14:05:34.599+0900][gc,marking  ] GC(5) Concurrent Scan Root Regions 1.884ms
[2024-02-18T14:05:34.599+0900][gc,marking  ] GC(5) Concurrent Mark
[2024-02-18T14:05:34.599+0900][gc,marking  ] GC(5) Concurrent Mark From Roots
[2024-02-18T14:05:34.599+0900][gc,task     ] GC(5) Using 2 workers of 2 for marking
[2024-02-18T14:05:34.602+0900][gc,marking  ] GC(5) Concurrent Mark From Roots 3.711ms
[2024-02-18T14:05:34.602+0900][gc,marking  ] GC(5) Concurrent Preclean
[2024-02-18T14:05:34.602+0900][gc,marking  ] GC(5) Concurrent Preclean 0.068ms
[2024-02-18T14:05:34.603+0900][gc,start    ] GC(5) Pause Remark
[2024-02-18T14:05:34.622+0900][gc          ] GC(5) Pause Remark 144M->144M(1024M) 19.232ms
[2024-02-18T14:05:34.622+0900][gc,cpu      ] GC(5) User=0.01s Sys=0.02s Real=0.02s
[2024-02-18T14:05:34.622+0900][gc,marking  ] GC(5) Concurrent Mark 23.353ms
[2024-02-18T14:05:34.622+0900][gc,marking  ] GC(5) Concurrent Rebuild Remembered Sets
[2024-02-18T14:05:34.625+0900][gc,marking  ] GC(5) Concurrent Rebuild Remembered Sets 3.345ms
[2024-02-18T14:05:34.625+0900][gc,start    ] GC(5) Pause Cleanup
[2024-02-18T14:05:34.626+0900][gc          ] GC(5) Pause Cleanup 144M->144M(1024M) 0.112ms
[2024-02-18T14:05:34.626+0900][gc,cpu      ] GC(5) User=0.00s Sys=0.00s Real=0.00s
[2024-02-18T14:05:34.626+0900][gc,marking  ] GC(5) Concurrent Cleanup for Next Mark
[2024-02-18T14:05:34.629+0900][gc,marking  ] GC(5) Concurrent Cleanup for Next Mark 3.475ms
[2024-02-18T14:05:34.629+0900][gc          ] GC(5) Concurrent Mark Cycle 32.560ms
[2024-02-18T14:11:43.473+0900][gc,start    ] GC(6) Pause Young (Normal) (G1 Evacuation Pause)
[2024-02-18T14:11:43.473+0900][gc,task     ] GC(6) Using 8 workers of 8 for evacuation
[2024-02-18T14:11:43.486+0900][gc,phases   ] GC(6)   Pre Evacuate Collection Set: 0.2ms
[2024-02-18T14:11:43.486+0900][gc,phases   ] GC(6)   Merge Heap Roots: 0.1ms
[2024-02-18T14:11:43.486+0900][gc,phases   ] GC(6)   Evacuate Collection Set: 12.8ms
[2024-02-18T14:11:43.486+0900][gc,phases   ] GC(6)   Post Evacuate Collection Set: 0.5ms
[2024-02-18T14:11:43.486+0900][gc,phases   ] GC(6)   Other: 0.2ms
[2024-02-18T14:11:43.486+0900][gc,heap     ] GC(6) Eden regions: 49->0(47)
[2024-02-18T14:11:43.486+0900][gc,heap     ] GC(6) Survivor regions: 2->4(7)
[2024-02-18T14:11:43.486+0900][gc,heap     ] GC(6) Old regions: 14->14
[2024-02-18T14:11:43.486+0900][gc,heap     ] GC(6) Archive regions: 2->2
[2024-02-18T14:11:43.486+0900][gc,heap     ] GC(6) Humongous regions: 129->129
[2024-02-18T14:11:43.486+0900][gc,metaspace] GC(6) Metaspace: 40209K(40640K)->40209K(40640K) NonClass: 35777K(36032K)->35777K(36032K) Class: 4432K(4608K)->4432K(4608K)
[2024-02-18T14:11:43.487+0900][gc          ] GC(6) Pause Young (Normal) (G1 Evacuation Pause) 193M->146M(1024M) 13.925ms
[2024-02-18T14:11:43.487+0900][gc,cpu      ] GC(6) User=0.03s Sys=0.01s Real=0.01s
[2024-02-18T14:11:47.167+0900][gc,heap,exit] Heap
[2024-02-18T14:11:47.167+0900][gc,heap,exit]  garbage-first heap   total 1048576K, used 162045K [0x00000007c0000000, 0x0000000800000000)
[2024-02-18T14:11:47.167+0900][gc,heap,exit]   region size 1024K, 17 young (17408K), 4 survivors (4096K)
[2024-02-18T14:11:47.167+0900][gc,heap,exit]  Metaspace       used 41101K, committed 41536K, reserved 1114112K
[2024-02-18T14:11:47.167+0900][gc,heap,exit]   class space    used 4621K, committed 4800K, reserved 1048576K
