[2024-02-18T20:41:31.937+0900][gc] Using G1
[2024-02-18T20:41:31.942+0900][gc,init] Version: 17.0.9+9-jvmci-23.0-b22 (release)
[2024-02-18T20:41:31.942+0900][gc,init] CPUs: 8 total, 8 available
[2024-02-18T20:41:31.942+0900][gc,init] Memory: 16384M
[2024-02-18T20:41:31.942+0900][gc,init] Large Page Support: Disabled
[2024-02-18T20:41:31.942+0900][gc,init] NUMA Support: Disabled
[2024-02-18T20:41:31.942+0900][gc,init] Compressed Oops: Enabled (Zero based)
[2024-02-18T20:41:31.942+0900][gc,init] Heap Region Size: 1M
[2024-02-18T20:41:31.942+0900][gc,init] Heap Min Capacity: 1G
[2024-02-18T20:41:31.942+0900][gc,init] Heap Initial Capacity: 1G
[2024-02-18T20:41:31.942+0900][gc,init] Heap Max Capacity: 1G
[2024-02-18T20:41:31.942+0900][gc,init] Pre-touch: Disabled
[2024-02-18T20:41:31.942+0900][gc,init] Parallel Workers: 8
[2024-02-18T20:41:31.942+0900][gc,init] Concurrent Workers: 2
[2024-02-18T20:41:31.942+0900][gc,init] Concurrent Refinement Workers: 8
[2024-02-18T20:41:31.942+0900][gc,init] Periodic GC: Disabled
[2024-02-18T20:41:31.947+0900][gc,metaspace] CDS archive(s) mapped at: [0x000000012e000000-0x000000012eba8000-0x000000012eba8000), size 12222464, SharedBaseAddress: 0x000000012e000000, ArchiveRelocationMode: 1.
[2024-02-18T20:41:31.947+0900][gc,metaspace] Compressed class space mapped at: 0x000000012f000000-0x000000016f000000, reserved size: 1073741824
[2024-02-18T20:41:31.947+0900][gc,metaspace] Narrow klass base: 0x000000012e000000, Narrow klass shift: 0, Narrow klass range: 0x100000000
[2024-02-18T20:41:33.303+0900][gc,start    ] GC(0) Pause Young (Normal) (G1 Evacuation Pause)
[2024-02-18T20:41:33.304+0900][gc,task     ] GC(0) Using 8 workers of 8 for evacuation
[2024-02-18T20:41:33.313+0900][gc,phases   ] GC(0)   Pre Evacuate Collection Set: 0.1ms
[2024-02-18T20:41:33.314+0900][gc,phases   ] GC(0)   Merge Heap Roots: 0.1ms
[2024-02-18T20:41:33.314+0900][gc,phases   ] GC(0)   Evacuate Collection Set: 9.0ms
[2024-02-18T20:41:33.314+0900][gc,phases   ] GC(0)   Post Evacuate Collection Set: 0.4ms
[2024-02-18T20:41:33.314+0900][gc,phases   ] GC(0)   Other: 0.6ms
[2024-02-18T20:41:33.314+0900][gc,heap     ] GC(0) Eden regions: 51->0(44)
[2024-02-18T20:41:33.314+0900][gc,heap     ] GC(0) Survivor regions: 0->7(7)
[2024-02-18T20:41:33.314+0900][gc,heap     ] GC(0) Old regions: 0->1
[2024-02-18T20:41:33.314+0900][gc,heap     ] GC(0) Archive regions: 2->2
[2024-02-18T20:41:33.314+0900][gc,heap     ] GC(0) Humongous regions: 0->0
[2024-02-18T20:41:33.314+0900][gc,metaspace] GC(0) Metaspace: 18159K(18368K)->18159K(18368K) NonClass: 16078K(16192K)->16078K(16192K) Class: 2081K(2176K)->2081K(2176K)
[2024-02-18T20:41:33.314+0900][gc          ] GC(0) Pause Young (Normal) (G1 Evacuation Pause) 51M->8M(1024M) 10.312ms
[2024-02-18T20:41:33.314+0900][gc,cpu      ] GC(0) User=0.02s Sys=0.01s Real=0.01s
[2024-02-18T20:41:33.639+0900][gc,start    ] GC(1) Pause Young (Concurrent Start) (Metadata GC Threshold)
[2024-02-18T20:41:33.639+0900][gc,task     ] GC(1) Using 8 workers of 8 for evacuation
[2024-02-18T20:41:33.647+0900][gc,phases   ] GC(1)   Pre Evacuate Collection Set: 0.1ms
[2024-02-18T20:41:33.647+0900][gc,phases   ] GC(1)   Merge Heap Roots: 0.1ms
[2024-02-18T20:41:33.647+0900][gc,phases   ] GC(1)   Evacuate Collection Set: 7.6ms
[2024-02-18T20:41:33.647+0900][gc,phases   ] GC(1)   Post Evacuate Collection Set: 0.3ms
[2024-02-18T20:41:33.647+0900][gc,phases   ] GC(1)   Other: 0.2ms
[2024-02-18T20:41:33.647+0900][gc,heap     ] GC(1) Eden regions: 14->0(49)
[2024-02-18T20:41:33.647+0900][gc,heap     ] GC(1) Survivor regions: 7->2(7)
[2024-02-18T20:41:33.647+0900][gc,heap     ] GC(1) Old regions: 1->8
[2024-02-18T20:41:33.647+0900][gc,heap     ] GC(1) Archive regions: 2->2
[2024-02-18T20:41:33.647+0900][gc,heap     ] GC(1) Humongous regions: 129->129
[2024-02-18T20:41:33.647+0900][gc,metaspace] GC(1) Metaspace: 21348K(21504K)->21348K(21504K) NonClass: 18872K(18944K)->18872K(18944K) Class: 2476K(2560K)->2476K(2560K)
[2024-02-18T20:41:33.647+0900][gc          ] GC(1) Pause Young (Concurrent Start) (Metadata GC Threshold) 151M->139M(1024M) 8.434ms
[2024-02-18T20:41:33.647+0900][gc,cpu      ] GC(1) User=0.01s Sys=0.01s Real=0.01s
[2024-02-18T20:41:33.648+0900][gc          ] GC(2) Concurrent Mark Cycle
[2024-02-18T20:41:33.648+0900][gc,marking  ] GC(2) Concurrent Clear Claimed Marks
[2024-02-18T20:41:33.648+0900][gc,marking  ] GC(2) Concurrent Clear Claimed Marks 0.015ms
[2024-02-18T20:41:33.648+0900][gc,marking  ] GC(2) Concurrent Scan Root Regions
[2024-02-18T20:41:33.650+0900][gc,marking  ] GC(2) Concurrent Scan Root Regions 1.957ms
[2024-02-18T20:41:33.650+0900][gc,marking  ] GC(2) Concurrent Mark
[2024-02-18T20:41:33.650+0900][gc,marking  ] GC(2) Concurrent Mark From Roots
[2024-02-18T20:41:33.650+0900][gc,task     ] GC(2) Using 2 workers of 2 for marking
[2024-02-18T20:41:33.651+0900][gc,marking  ] GC(2) Concurrent Mark From Roots 1.520ms
[2024-02-18T20:41:33.651+0900][gc,marking  ] GC(2) Concurrent Preclean
[2024-02-18T20:41:33.652+0900][gc,marking  ] GC(2) Concurrent Preclean 0.703ms
[2024-02-18T20:41:33.653+0900][gc,start    ] GC(2) Pause Remark
[2024-02-18T20:41:33.662+0900][gc          ] GC(2) Pause Remark 139M->139M(1024M) 8.722ms
[2024-02-18T20:41:33.662+0900][gc,cpu      ] GC(2) User=0.00s Sys=0.01s Real=0.01s
[2024-02-18T20:41:33.662+0900][gc,marking  ] GC(2) Concurrent Mark 12.092ms
[2024-02-18T20:41:33.662+0900][gc,marking  ] GC(2) Concurrent Rebuild Remembered Sets
[2024-02-18T20:41:33.662+0900][gc,marking  ] GC(2) Concurrent Rebuild Remembered Sets 0.009ms
[2024-02-18T20:41:33.662+0900][gc,start    ] GC(2) Pause Cleanup
[2024-02-18T20:41:33.662+0900][gc          ] GC(2) Pause Cleanup 139M->139M(1024M) 0.018ms
[2024-02-18T20:41:33.662+0900][gc,cpu      ] GC(2) User=0.00s Sys=0.00s Real=0.00s
[2024-02-18T20:41:33.662+0900][gc,marking  ] GC(2) Concurrent Cleanup for Next Mark
[2024-02-18T20:41:33.666+0900][gc,marking  ] GC(2) Concurrent Cleanup for Next Mark 3.044ms
[2024-02-18T20:41:33.666+0900][gc          ] GC(2) Concurrent Mark Cycle 18.081ms
[2024-02-18T20:41:34.424+0900][gc,start    ] GC(3) Pause Young (Normal) (G1 Evacuation Pause)
[2024-02-18T20:41:34.424+0900][gc,task     ] GC(3) Using 8 workers of 8 for evacuation
[2024-02-18T20:41:34.428+0900][gc,phases   ] GC(3)   Pre Evacuate Collection Set: 0.2ms
[2024-02-18T20:41:34.428+0900][gc,phases   ] GC(3)   Merge Heap Roots: 0.1ms
[2024-02-18T20:41:34.428+0900][gc,phases   ] GC(3)   Evacuate Collection Set: 3.6ms
[2024-02-18T20:41:34.428+0900][gc,phases   ] GC(3)   Post Evacuate Collection Set: 0.3ms
[2024-02-18T20:41:34.428+0900][gc,phases   ] GC(3)   Other: 0.5ms
[2024-02-18T20:41:34.428+0900][gc,heap     ] GC(3) Eden regions: 49->0(45)
[2024-02-18T20:41:34.428+0900][gc,heap     ] GC(3) Survivor regions: 2->6(7)
[2024-02-18T20:41:34.428+0900][gc,heap     ] GC(3) Old regions: 8->8
[2024-02-18T20:41:34.428+0900][gc,heap     ] GC(3) Archive regions: 2->2
[2024-02-18T20:41:34.428+0900][gc,heap     ] GC(3) Humongous regions: 129->129
[2024-02-18T20:41:34.428+0900][gc,metaspace] GC(3) Metaspace: 32440K(32640K)->32440K(32640K) NonClass: 28955K(29056K)->28955K(29056K) Class: 3484K(3584K)->3484K(3584K)
[2024-02-18T20:41:34.428+0900][gc          ] GC(3) Pause Young (Normal) (G1 Evacuation Pause) 188M->143M(1024M) 4.372ms
[2024-02-18T20:41:34.428+0900][gc,cpu      ] GC(3) User=0.01s Sys=0.00s Real=0.00s
[2024-02-18T20:43:18.116+0900][gc,start    ] GC(4) Pause Young (Concurrent Start) (Metadata GC Threshold)
[2024-02-18T20:43:18.116+0900][gc,task     ] GC(4) Using 8 workers of 8 for evacuation
[2024-02-18T20:43:18.122+0900][gc,phases   ] GC(4)   Pre Evacuate Collection Set: 0.1ms
[2024-02-18T20:43:18.122+0900][gc,phases   ] GC(4)   Merge Heap Roots: 0.1ms
[2024-02-18T20:43:18.122+0900][gc,phases   ] GC(4)   Evacuate Collection Set: 5.6ms
[2024-02-18T20:43:18.122+0900][gc,phases   ] GC(4)   Post Evacuate Collection Set: 0.4ms
[2024-02-18T20:43:18.122+0900][gc,phases   ] GC(4)   Other: 0.2ms
[2024-02-18T20:43:18.122+0900][gc,heap     ] GC(4) Eden regions: 17->0(49)
[2024-02-18T20:43:18.122+0900][gc,heap     ] GC(4) Survivor regions: 6->2(7)
[2024-02-18T20:43:18.122+0900][gc,heap     ] GC(4) Old regions: 8->14
[2024-02-18T20:43:18.122+0900][gc,heap     ] GC(4) Archive regions: 2->2
[2024-02-18T20:43:18.122+0900][gc,heap     ] GC(4) Humongous regions: 129->129
[2024-02-18T20:43:18.122+0900][gc,metaspace] GC(4) Metaspace: 35618K(35968K)->35618K(35968K) NonClass: 31702K(31872K)->31702K(31872K) Class: 3915K(4096K)->3915K(4096K)
[2024-02-18T20:43:18.122+0900][gc          ] GC(4) Pause Young (Concurrent Start) (Metadata GC Threshold) 159M->144M(1024M) 6.390ms
[2024-02-18T20:43:18.122+0900][gc,cpu      ] GC(4) User=0.02s Sys=0.01s Real=0.01s
[2024-02-18T20:43:18.122+0900][gc          ] GC(5) Concurrent Mark Cycle
[2024-02-18T20:43:18.122+0900][gc,marking  ] GC(5) Concurrent Clear Claimed Marks
[2024-02-18T20:43:18.122+0900][gc,marking  ] GC(5) Concurrent Clear Claimed Marks 0.021ms
[2024-02-18T20:43:18.122+0900][gc,marking  ] GC(5) Concurrent Scan Root Regions
[2024-02-18T20:43:18.124+0900][gc,marking  ] GC(5) Concurrent Scan Root Regions 2.006ms
[2024-02-18T20:43:18.124+0900][gc,marking  ] GC(5) Concurrent Mark
[2024-02-18T20:43:18.124+0900][gc,marking  ] GC(5) Concurrent Mark From Roots
[2024-02-18T20:43:18.124+0900][gc,task     ] GC(5) Using 2 workers of 2 for marking
[2024-02-18T20:43:18.129+0900][gc,marking  ] GC(5) Concurrent Mark From Roots 4.186ms
[2024-02-18T20:43:18.129+0900][gc,marking  ] GC(5) Concurrent Preclean
[2024-02-18T20:43:18.129+0900][gc,marking  ] GC(5) Concurrent Preclean 0.060ms
[2024-02-18T20:43:18.129+0900][gc,start    ] GC(5) Pause Remark
[2024-02-18T20:43:18.146+0900][gc          ] GC(5) Pause Remark 144M->144M(1024M) 17.060ms
[2024-02-18T20:43:18.146+0900][gc,cpu      ] GC(5) User=0.01s Sys=0.02s Real=0.02s
[2024-02-18T20:43:18.146+0900][gc,marking  ] GC(5) Concurrent Mark 21.804ms
[2024-02-18T20:43:18.146+0900][gc,marking  ] GC(5) Concurrent Rebuild Remembered Sets
[2024-02-18T20:43:18.149+0900][gc,marking  ] GC(5) Concurrent Rebuild Remembered Sets 3.179ms
[2024-02-18T20:43:18.150+0900][gc,start    ] GC(5) Pause Cleanup
[2024-02-18T20:43:18.150+0900][gc          ] GC(5) Pause Cleanup 144M->144M(1024M) 0.140ms
[2024-02-18T20:43:18.150+0900][gc,cpu      ] GC(5) User=0.00s Sys=0.00s Real=0.00s
[2024-02-18T20:43:18.150+0900][gc,marking  ] GC(5) Concurrent Cleanup for Next Mark
[2024-02-18T20:43:18.153+0900][gc,marking  ] GC(5) Concurrent Cleanup for Next Mark 2.978ms
[2024-02-18T20:43:18.153+0900][gc          ] GC(5) Concurrent Mark Cycle 30.686ms
[2024-02-18T20:48:47.674+0900][gc,start    ] GC(6) Pause Young (Normal) (G1 Evacuation Pause)
[2024-02-18T20:48:47.675+0900][gc,task     ] GC(6) Using 8 workers of 8 for evacuation
[2024-02-18T20:48:47.690+0900][gc,phases   ] GC(6)   Pre Evacuate Collection Set: 0.2ms
[2024-02-18T20:48:47.690+0900][gc,phases   ] GC(6)   Merge Heap Roots: 0.1ms
[2024-02-18T20:48:47.690+0900][gc,phases   ] GC(6)   Evacuate Collection Set: 14.8ms
[2024-02-18T20:48:47.690+0900][gc,phases   ] GC(6)   Post Evacuate Collection Set: 0.5ms
[2024-02-18T20:48:47.690+0900][gc,phases   ] GC(6)   Other: 0.3ms
[2024-02-18T20:48:47.690+0900][gc,heap     ] GC(6) Eden regions: 49->0(47)
[2024-02-18T20:48:47.690+0900][gc,heap     ] GC(6) Survivor regions: 2->4(7)
[2024-02-18T20:48:47.690+0900][gc,heap     ] GC(6) Old regions: 14->14
[2024-02-18T20:48:47.690+0900][gc,heap     ] GC(6) Archive regions: 2->2
[2024-02-18T20:48:47.690+0900][gc,heap     ] GC(6) Humongous regions: 129->129
[2024-02-18T20:48:47.690+0900][gc,metaspace] GC(6) Metaspace: 39859K(40256K)->39859K(40256K) NonClass: 35499K(35712K)->35499K(35712K) Class: 4359K(4544K)->4359K(4544K)
[2024-02-18T20:48:47.690+0900][gc          ] GC(6) Pause Young (Normal) (G1 Evacuation Pause) 193M->146M(1024M) 16.036ms
[2024-02-18T20:48:47.690+0900][gc,cpu      ] GC(6) User=0.04s Sys=0.02s Real=0.02s
[2024-02-18T20:56:17.801+0900][gc,start    ] GC(7) Pause Young (Normal) (G1 Evacuation Pause)
[2024-02-18T20:56:17.801+0900][gc,task     ] GC(7) Using 8 workers of 8 for evacuation
[2024-02-18T20:56:17.822+0900][gc,mmu      ] GC(7) MMU target violated: 21.0ms (20.0ms/21.0ms)
[2024-02-18T20:56:17.822+0900][gc,phases   ] GC(7)   Pre Evacuate Collection Set: 0.2ms
[2024-02-18T20:56:17.822+0900][gc,phases   ] GC(7)   Merge Heap Roots: 0.1ms
[2024-02-18T20:56:17.822+0900][gc,phases   ] GC(7)   Evacuate Collection Set: 20.4ms
[2024-02-18T20:56:17.822+0900][gc,phases   ] GC(7)   Post Evacuate Collection Set: 0.5ms
[2024-02-18T20:56:17.822+0900][gc,phases   ] GC(7)   Other: 0.4ms
[2024-02-18T20:56:17.822+0900][gc,heap     ] GC(7) Eden regions: 47->0(47)
[2024-02-18T20:56:17.822+0900][gc,heap     ] GC(7) Survivor regions: 4->4(7)
[2024-02-18T20:56:17.822+0900][gc,heap     ] GC(7) Old regions: 14->14
[2024-02-18T20:56:17.822+0900][gc,heap     ] GC(7) Archive regions: 2->2
[2024-02-18T20:56:17.822+0900][gc,heap     ] GC(7) Humongous regions: 129->129
[2024-02-18T20:56:17.822+0900][gc,metaspace] GC(7) Metaspace: 39963K(40384K)->39963K(40384K) NonClass: 35599K(35840K)->35599K(35840K) Class: 4364K(4544K)->4364K(4544K)
[2024-02-18T20:56:17.822+0900][gc          ] GC(7) Pause Young (Normal) (G1 Evacuation Pause) 193M->146M(1024M) 21.754ms
[2024-02-18T20:56:17.823+0900][gc,cpu      ] GC(7) User=0.04s Sys=0.02s Real=0.02s
[2024-02-18T21:04:27.044+0900][gc,start    ] GC(8) Pause Young (Normal) (G1 Evacuation Pause)
[2024-02-18T21:04:27.044+0900][gc,task     ] GC(8) Using 8 workers of 8 for evacuation
[2024-02-18T21:04:27.062+0900][gc,phases   ] GC(8)   Pre Evacuate Collection Set: 0.5ms
[2024-02-18T21:04:27.062+0900][gc,phases   ] GC(8)   Merge Heap Roots: 0.1ms
[2024-02-18T21:04:27.062+0900][gc,phases   ] GC(8)   Evacuate Collection Set: 16.5ms
[2024-02-18T21:04:27.062+0900][gc,phases   ] GC(8)   Post Evacuate Collection Set: 0.4ms
[2024-02-18T21:04:27.062+0900][gc,phases   ] GC(8)   Other: 0.5ms
[2024-02-18T21:04:27.062+0900][gc,heap     ] GC(8) Eden regions: 47->0(57)
[2024-02-18T21:04:27.062+0900][gc,heap     ] GC(8) Survivor regions: 4->3(7)
[2024-02-18T21:04:27.062+0900][gc,heap     ] GC(8) Old regions: 14->14
[2024-02-18T21:04:27.062+0900][gc,heap     ] GC(8) Archive regions: 2->2
[2024-02-18T21:04:27.062+0900][gc,heap     ] GC(8) Humongous regions: 129->129
[2024-02-18T21:04:27.062+0900][gc,metaspace] GC(8) Metaspace: 40063K(40512K)->40063K(40512K) NonClass: 35698K(35968K)->35698K(35968K) Class: 4364K(4544K)->4364K(4544K)
[2024-02-18T21:04:27.062+0900][gc          ] GC(8) Pause Young (Normal) (G1 Evacuation Pause) 193M->146M(1024M) 18.070ms
[2024-02-18T21:04:27.062+0900][gc,cpu      ] GC(8) User=0.03s Sys=0.01s Real=0.02s
[2024-02-18T21:11:21.463+0900][gc,start    ] GC(9) Pause Young (Normal) (G1 Evacuation Pause)
[2024-02-18T21:11:21.463+0900][gc,task     ] GC(9) Using 8 workers of 8 for evacuation
[2024-02-18T21:11:21.496+0900][gc,mmu      ] GC(9) MMU target violated: 21.0ms (20.0ms/21.0ms)
[2024-02-18T21:11:21.496+0900][gc,phases   ] GC(9)   Pre Evacuate Collection Set: 1.0ms
[2024-02-18T21:11:21.496+0900][gc,phases   ] GC(9)   Merge Heap Roots: 0.3ms
[2024-02-18T21:11:21.496+0900][gc,phases   ] GC(9)   Evacuate Collection Set: 29.5ms
[2024-02-18T21:11:21.496+0900][gc,phases   ] GC(9)   Post Evacuate Collection Set: 1.2ms
[2024-02-18T21:11:21.496+0900][gc,phases   ] GC(9)   Other: 0.9ms
[2024-02-18T21:11:21.496+0900][gc,heap     ] GC(9) Eden regions: 57->0(54)
[2024-02-18T21:11:21.496+0900][gc,heap     ] GC(9) Survivor regions: 3->5(8)
[2024-02-18T21:11:21.496+0900][gc,heap     ] GC(9) Old regions: 14->14
[2024-02-18T21:11:21.496+0900][gc,heap     ] GC(9) Archive regions: 2->2
[2024-02-18T21:11:21.496+0900][gc,heap     ] GC(9) Humongous regions: 129->129
[2024-02-18T21:11:21.496+0900][gc,metaspace] GC(9) Metaspace: 41553K(42048K)->41553K(42048K) NonClass: 36952K(37248K)->36952K(37248K) Class: 4601K(4800K)->4601K(4800K)
[2024-02-18T21:11:21.496+0900][gc          ] GC(9) Pause Young (Normal) (G1 Evacuation Pause) 203M->147M(1024M) 32.938ms
[2024-02-18T21:11:21.496+0900][gc,cpu      ] GC(9) User=0.06s Sys=0.03s Real=0.03s
[2024-02-18T21:18:21.291+0900][gc,start    ] GC(10) Pause Young (Normal) (G1 Evacuation Pause)
[2024-02-18T21:18:21.291+0900][gc,task     ] GC(10) Using 8 workers of 8 for evacuation
[2024-02-18T21:18:21.324+0900][gc,mmu      ] GC(10) MMU target violated: 21.0ms (20.0ms/21.0ms)
[2024-02-18T21:18:21.324+0900][gc,phases   ] GC(10)   Pre Evacuate Collection Set: 0.5ms
[2024-02-18T21:18:21.324+0900][gc,phases   ] GC(10)   Merge Heap Roots: 0.1ms
[2024-02-18T21:18:21.324+0900][gc,phases   ] GC(10)   Evacuate Collection Set: 31.6ms
[2024-02-18T21:18:21.324+0900][gc,phases   ] GC(10)   Post Evacuate Collection Set: 0.7ms
[2024-02-18T21:18:21.324+0900][gc,phases   ] GC(10)   Other: 0.7ms
[2024-02-18T21:18:21.324+0900][gc,heap     ] GC(10) Eden regions: 54->0(172)
[2024-02-18T21:18:21.324+0900][gc,heap     ] GC(10) Survivor regions: 5->5(8)
[2024-02-18T21:18:21.324+0900][gc,heap     ] GC(10) Old regions: 14->14
[2024-02-18T21:18:21.324+0900][gc,heap     ] GC(10) Archive regions: 2->2
[2024-02-18T21:18:21.324+0900][gc,heap     ] GC(10) Humongous regions: 129->129
[2024-02-18T21:18:21.324+0900][gc,metaspace] GC(10) Metaspace: 42261K(42816K)->42261K(42816K) NonClass: 37534K(37888K)->37534K(37888K) Class: 4726K(4928K)->4726K(4928K)
[2024-02-18T21:18:21.324+0900][gc          ] GC(10) Pause Young (Normal) (G1 Evacuation Pause) 201M->148M(1024M) 33.641ms
[2024-02-18T21:18:21.325+0900][gc,cpu      ] GC(10) User=0.07s Sys=0.02s Real=0.03s
