[2024-02-18T20:35:48.269+0900][gc] Using G1
[2024-02-18T20:35:48.273+0900][gc,init] Version: 17.0.9+9-jvmci-23.0-b22 (release)
[2024-02-18T20:35:48.273+0900][gc,init] CPUs: 8 total, 8 available
[2024-02-18T20:35:48.273+0900][gc,init] Memory: 16384M
[2024-02-18T20:35:48.273+0900][gc,init] Large Page Support: Disabled
[2024-02-18T20:35:48.273+0900][gc,init] NUMA Support: Disabled
[2024-02-18T20:35:48.273+0900][gc,init] Compressed Oops: Enabled (Zero based)
[2024-02-18T20:35:48.273+0900][gc,init] Heap Region Size: 1M
[2024-02-18T20:35:48.273+0900][gc,init] Heap Min Capacity: 1G
[2024-02-18T20:35:48.273+0900][gc,init] Heap Initial Capacity: 1G
[2024-02-18T20:35:48.273+0900][gc,init] Heap Max Capacity: 1G
[2024-02-18T20:35:48.273+0900][gc,init] Pre-touch: Disabled
[2024-02-18T20:35:48.273+0900][gc,init] Parallel Workers: 8
[2024-02-18T20:35:48.273+0900][gc,init] Concurrent Workers: 2
[2024-02-18T20:35:48.273+0900][gc,init] Concurrent Refinement Workers: 8
[2024-02-18T20:35:48.273+0900][gc,init] Periodic GC: Disabled
[2024-02-18T20:35:48.278+0900][gc,metaspace] CDS archive(s) mapped at: [0x000000012b000000-0x000000012bba8000-0x000000012bba8000), size 12222464, SharedBaseAddress: 0x000000012b000000, ArchiveRelocationMode: 1.
[2024-02-18T20:35:48.278+0900][gc,metaspace] Compressed class space mapped at: 0x000000012c000000-0x000000016c000000, reserved size: 1073741824
[2024-02-18T20:35:48.278+0900][gc,metaspace] Narrow klass base: 0x000000012b000000, Narrow klass shift: 0, Narrow klass range: 0x100000000
[2024-02-18T20:35:49.663+0900][gc,start    ] GC(0) Pause Young (Normal) (G1 Evacuation Pause)
[2024-02-18T20:35:49.663+0900][gc,task     ] GC(0) Using 8 workers of 8 for evacuation
[2024-02-18T20:35:49.673+0900][gc,phases   ] GC(0)   Pre Evacuate Collection Set: 0.1ms
[2024-02-18T20:35:49.673+0900][gc,phases   ] GC(0)   Merge Heap Roots: 0.1ms
[2024-02-18T20:35:49.673+0900][gc,phases   ] GC(0)   Evacuate Collection Set: 9.2ms
[2024-02-18T20:35:49.673+0900][gc,phases   ] GC(0)   Post Evacuate Collection Set: 0.4ms
[2024-02-18T20:35:49.673+0900][gc,phases   ] GC(0)   Other: 0.6ms
[2024-02-18T20:35:49.673+0900][gc,heap     ] GC(0) Eden regions: 51->0(44)
[2024-02-18T20:35:49.673+0900][gc,heap     ] GC(0) Survivor regions: 0->7(7)
[2024-02-18T20:35:49.673+0900][gc,heap     ] GC(0) Old regions: 0->1
[2024-02-18T20:35:49.673+0900][gc,heap     ] GC(0) Archive regions: 2->2
[2024-02-18T20:35:49.673+0900][gc,heap     ] GC(0) Humongous regions: 0->0
[2024-02-18T20:35:49.673+0900][gc,metaspace] GC(0) Metaspace: 18163K(18304K)->18163K(18304K) NonClass: 16082K(16128K)->16082K(16128K) Class: 2081K(2176K)->2081K(2176K)
[2024-02-18T20:35:49.673+0900][gc          ] GC(0) Pause Young (Normal) (G1 Evacuation Pause) 51M->8M(1024M) 10.426ms
[2024-02-18T20:35:49.673+0900][gc,cpu      ] GC(0) User=0.02s Sys=0.01s Real=0.01s
[2024-02-18T20:35:50.062+0900][gc,heap,exit] Heap
[2024-02-18T20:35:50.062+0900][gc,heap,exit]  garbage-first heap   total 1048576K, used 19648K [0x00000007c0000000, 0x0000000800000000)
[2024-02-18T20:35:50.062+0900][gc,heap,exit]   region size 1024K, 18 young (18432K), 7 survivors (7168K)
[2024-02-18T20:35:50.062+0900][gc,heap,exit]  Metaspace       used 20829K, committed 20992K, reserved 1114112K
[2024-02-18T20:35:50.062+0900][gc,heap,exit]   class space    used 2413K, committed 2496K, reserved 1048576K
