[2024-02-18T14:22:47.862+0900][gc] Using G1
[2024-02-18T14:22:47.867+0900][gc,init] Version: 17.0.9+9-jvmci-23.0-b22 (release)
[2024-02-18T14:22:47.867+0900][gc,init] CPUs: 8 total, 8 available
[2024-02-18T14:22:47.867+0900][gc,init] Memory: 16384M
[2024-02-18T14:22:47.867+0900][gc,init] Large Page Support: Disabled
[2024-02-18T14:22:47.867+0900][gc,init] NUMA Support: Disabled
[2024-02-18T14:22:47.867+0900][gc,init] Compressed Oops: Enabled (Zero based)
[2024-02-18T14:22:47.867+0900][gc,init] Heap Region Size: 1M
[2024-02-18T14:22:47.867+0900][gc,init] Heap Min Capacity: 1G
[2024-02-18T14:22:47.867+0900][gc,init] Heap Initial Capacity: 1G
[2024-02-18T14:22:47.867+0900][gc,init] Heap Max Capacity: 1G
[2024-02-18T14:22:47.867+0900][gc,init] Pre-touch: Disabled
[2024-02-18T14:22:47.867+0900][gc,init] Parallel Workers: 8
[2024-02-18T14:22:47.867+0900][gc,init] Concurrent Workers: 2
[2024-02-18T14:22:47.867+0900][gc,init] Concurrent Refinement Workers: 8
[2024-02-18T14:22:47.867+0900][gc,init] Periodic GC: Disabled
[2024-02-18T14:22:47.872+0900][gc,metaspace] CDS archive(s) mapped at: [0x000000012c000000-0x000000012cba8000-0x000000012cba8000), size 12222464, SharedBaseAddress: 0x000000012c000000, ArchiveRelocationMode: 1.
[2024-02-18T14:22:47.872+0900][gc,metaspace] Compressed class space mapped at: 0x000000012d000000-0x000000016d000000, reserved size: 1073741824
[2024-02-18T14:22:47.872+0900][gc,metaspace] Narrow klass base: 0x000000012c000000, Narrow klass shift: 0, Narrow klass range: 0x100000000
[2024-02-18T14:22:49.218+0900][gc,start    ] GC(0) Pause Young (Normal) (G1 Evacuation Pause)
[2024-02-18T14:22:49.219+0900][gc,task     ] GC(0) Using 8 workers of 8 for evacuation
[2024-02-18T14:22:49.228+0900][gc,phases   ] GC(0)   Pre Evacuate Collection Set: 0.1ms
[2024-02-18T14:22:49.228+0900][gc,phases   ] GC(0)   Merge Heap Roots: 0.1ms
[2024-02-18T14:22:49.228+0900][gc,phases   ] GC(0)   Evacuate Collection Set: 8.8ms
[2024-02-18T14:22:49.228+0900][gc,phases   ] GC(0)   Post Evacuate Collection Set: 0.3ms
[2024-02-18T14:22:49.228+0900][gc,phases   ] GC(0)   Other: 0.5ms
[2024-02-18T14:22:49.228+0900][gc,heap     ] GC(0) Eden regions: 51->0(44)
[2024-02-18T14:22:49.228+0900][gc,heap     ] GC(0) Survivor regions: 0->7(7)
[2024-02-18T14:22:49.228+0900][gc,heap     ] GC(0) Old regions: 0->1
[2024-02-18T14:22:49.228+0900][gc,heap     ] GC(0) Archive regions: 2->2
[2024-02-18T14:22:49.228+0900][gc,heap     ] GC(0) Humongous regions: 0->0
[2024-02-18T14:22:49.228+0900][gc,metaspace] GC(0) Metaspace: 18167K(18368K)->18167K(18368K) NonClass: 16084K(16192K)->16084K(16192K) Class: 2083K(2176K)->2083K(2176K)
[2024-02-18T14:22:49.228+0900][gc          ] GC(0) Pause Young (Normal) (G1 Evacuation Pause) 51M->8M(1024M) 9.968ms
[2024-02-18T14:22:49.228+0900][gc,cpu      ] GC(0) User=0.02s Sys=0.01s Real=0.01s
[2024-02-18T14:22:49.495+0900][gc,start    ] GC(1) Pause Young (Concurrent Start) (Metadata GC Threshold)
[2024-02-18T14:22:49.495+0900][gc,task     ] GC(1) Using 8 workers of 8 for evacuation
[2024-02-18T14:22:49.503+0900][gc,phases   ] GC(1)   Pre Evacuate Collection Set: 0.1ms
[2024-02-18T14:22:49.503+0900][gc,phases   ] GC(1)   Merge Heap Roots: 0.1ms
[2024-02-18T14:22:49.503+0900][gc,phases   ] GC(1)   Evacuate Collection Set: 7.4ms
[2024-02-18T14:22:49.503+0900][gc,phases   ] GC(1)   Post Evacuate Collection Set: 0.3ms
[2024-02-18T14:22:49.503+0900][gc,phases   ] GC(1)   Other: 0.2ms
[2024-02-18T14:22:49.503+0900][gc,heap     ] GC(1) Eden regions: 13->0(49)
[2024-02-18T14:22:49.503+0900][gc,heap     ] GC(1) Survivor regions: 7->2(7)
[2024-02-18T14:22:49.503+0900][gc,heap     ] GC(1) Old regions: 1->8
[2024-02-18T14:22:49.503+0900][gc,heap     ] GC(1) Archive regions: 2->2
[2024-02-18T14:22:49.503+0900][gc,heap     ] GC(1) Humongous regions: 0->0
[2024-02-18T14:22:49.503+0900][gc,metaspace] GC(1) Metaspace: 21300K(21504K)->21300K(21504K) NonClass: 18810K(18944K)->18810K(18944K) Class: 2490K(2560K)->2490K(2560K)
[2024-02-18T14:22:49.503+0900][gc          ] GC(1) Pause Young (Concurrent Start) (Metadata GC Threshold) 20M->9M(1024M) 8.118ms
[2024-02-18T14:22:49.503+0900][gc,cpu      ] GC(1) User=0.02s Sys=0.01s Real=0.01s
[2024-02-18T14:22:49.503+0900][gc          ] GC(2) Concurrent Mark Cycle
[2024-02-18T14:22:49.503+0900][gc,marking  ] GC(2) Concurrent Clear Claimed Marks
[2024-02-18T14:22:49.503+0900][gc,marking  ] GC(2) Concurrent Clear Claimed Marks 0.012ms
[2024-02-18T14:22:49.503+0900][gc,marking  ] GC(2) Concurrent Scan Root Regions
[2024-02-18T14:22:49.505+0900][gc,marking  ] GC(2) Concurrent Scan Root Regions 1.869ms
[2024-02-18T14:22:49.505+0900][gc,marking  ] GC(2) Concurrent Mark
[2024-02-18T14:22:49.505+0900][gc,marking  ] GC(2) Concurrent Mark From Roots
[2024-02-18T14:22:49.505+0900][gc,task     ] GC(2) Using 2 workers of 2 for marking
[2024-02-18T14:22:49.507+0900][gc,marking  ] GC(2) Concurrent Mark From Roots 1.346ms
[2024-02-18T14:22:49.507+0900][gc,marking  ] GC(2) Concurrent Preclean
[2024-02-18T14:22:49.507+0900][gc,marking  ] GC(2) Concurrent Preclean 0.036ms
[2024-02-18T14:22:49.507+0900][gc,start    ] GC(2) Pause Remark
[2024-02-18T14:22:49.515+0900][gc          ] GC(2) Pause Remark 9M->9M(1024M) 8.111ms
[2024-02-18T14:22:49.515+0900][gc,cpu      ] GC(2) User=0.01s Sys=0.01s Real=0.01s
[2024-02-18T14:22:49.516+0900][gc,marking  ] GC(2) Concurrent Mark 10.140ms
[2024-02-18T14:22:49.516+0900][gc,marking  ] GC(2) Concurrent Rebuild Remembered Sets
[2024-02-18T14:22:49.517+0900][gc,marking  ] GC(2) Concurrent Rebuild Remembered Sets 1.606ms
[2024-02-18T14:22:49.517+0900][gc,start    ] GC(2) Pause Cleanup
[2024-02-18T14:22:49.517+0900][gc          ] GC(2) Pause Cleanup 9M->9M(1024M) 0.076ms
[2024-02-18T14:22:49.517+0900][gc,cpu      ] GC(2) User=0.00s Sys=0.00s Real=0.00s
[2024-02-18T14:22:49.518+0900][gc,marking  ] GC(2) Concurrent Cleanup for Next Mark
[2024-02-18T14:22:49.521+0900][gc,marking  ] GC(2) Concurrent Cleanup for Next Mark 3.340ms
[2024-02-18T14:22:49.521+0900][gc          ] GC(2) Concurrent Mark Cycle 17.716ms
[2024-02-18T14:22:50.352+0900][gc,start    ] GC(3) Pause Young (Normal) (G1 Evacuation Pause)
[2024-02-18T14:22:50.352+0900][gc,task     ] GC(3) Using 8 workers of 8 for evacuation
[2024-02-18T14:22:50.357+0900][gc,phases   ] GC(3)   Pre Evacuate Collection Set: 0.1ms
[2024-02-18T14:22:50.357+0900][gc,phases   ] GC(3)   Merge Heap Roots: 0.1ms
[2024-02-18T14:22:50.357+0900][gc,phases   ] GC(3)   Evacuate Collection Set: 4.0ms
[2024-02-18T14:22:50.357+0900][gc,phases   ] GC(3)   Post Evacuate Collection Set: 0.4ms
[2024-02-18T14:22:50.357+0900][gc,phases   ] GC(3)   Other: 0.1ms
[2024-02-18T14:22:50.357+0900][gc,heap     ] GC(3) Eden regions: 49->0(45)
[2024-02-18T14:22:50.357+0900][gc,heap     ] GC(3) Survivor regions: 2->6(7)
[2024-02-18T14:22:50.357+0900][gc,heap     ] GC(3) Old regions: 8->8
[2024-02-18T14:22:50.357+0900][gc,heap     ] GC(3) Archive regions: 2->2
[2024-02-18T14:22:50.357+0900][gc,heap     ] GC(3) Humongous regions: 129->129
[2024-02-18T14:22:50.357+0900][gc,metaspace] GC(3) Metaspace: 32197K(32512K)->32197K(32512K) NonClass: 28655K(28800K)->28655K(28800K) Class: 3541K(3712K)->3541K(3712K)
[2024-02-18T14:22:50.357+0900][gc          ] GC(3) Pause Young (Normal) (G1 Evacuation Pause) 187M->143M(1024M) 4.792ms
[2024-02-18T14:22:50.357+0900][gc,cpu      ] GC(3) User=0.02s Sys=0.01s Real=0.00s
[2024-02-18T14:22:50.656+0900][gc,start    ] GC(4) Pause Young (Concurrent Start) (Metadata GC Threshold)
[2024-02-18T14:22:50.656+0900][gc,task     ] GC(4) Using 8 workers of 8 for evacuation
[2024-02-18T14:22:50.661+0900][gc,phases   ] GC(4)   Pre Evacuate Collection Set: 0.1ms
[2024-02-18T14:22:50.661+0900][gc,phases   ] GC(4)   Merge Heap Roots: 0.1ms
[2024-02-18T14:22:50.661+0900][gc,phases   ] GC(4)   Evacuate Collection Set: 3.7ms
[2024-02-18T14:22:50.661+0900][gc,phases   ] GC(4)   Post Evacuate Collection Set: 0.3ms
[2024-02-18T14:22:50.661+0900][gc,phases   ] GC(4)   Other: 0.4ms
[2024-02-18T14:22:50.661+0900][gc,heap     ] GC(4) Eden regions: 17->0(49)
[2024-02-18T14:22:50.661+0900][gc,heap     ] GC(4) Survivor regions: 6->2(7)
[2024-02-18T14:22:50.661+0900][gc,heap     ] GC(4) Old regions: 8->14
[2024-02-18T14:22:50.661+0900][gc,heap     ] GC(4) Archive regions: 2->2
[2024-02-18T14:22:50.661+0900][gc,heap     ] GC(4) Humongous regions: 129->129
[2024-02-18T14:22:50.661+0900][gc,metaspace] GC(4) Metaspace: 35640K(35968K)->35640K(35968K) NonClass: 31717K(31872K)->31717K(31872K) Class: 3923K(4096K)->3923K(4096K)
[2024-02-18T14:22:50.661+0900][gc          ] GC(4) Pause Young (Concurrent Start) (Metadata GC Threshold) 159M->144M(1024M) 4.475ms
[2024-02-18T14:22:50.661+0900][gc,cpu      ] GC(4) User=0.01s Sys=0.00s Real=0.01s
[2024-02-18T14:22:50.661+0900][gc          ] GC(5) Concurrent Mark Cycle
[2024-02-18T14:22:50.661+0900][gc,marking  ] GC(5) Concurrent Clear Claimed Marks
[2024-02-18T14:22:50.661+0900][gc,marking  ] GC(5) Concurrent Clear Claimed Marks 0.021ms
[2024-02-18T14:22:50.661+0900][gc,marking  ] GC(5) Concurrent Scan Root Regions
[2024-02-18T14:22:50.663+0900][gc,marking  ] GC(5) Concurrent Scan Root Regions 1.773ms
[2024-02-18T14:22:50.663+0900][gc,marking  ] GC(5) Concurrent Mark
[2024-02-18T14:22:50.663+0900][gc,marking  ] GC(5) Concurrent Mark From Roots
[2024-02-18T14:22:50.663+0900][gc,task     ] GC(5) Using 2 workers of 2 for marking
[2024-02-18T14:22:50.666+0900][gc,marking  ] GC(5) Concurrent Mark From Roots 3.421ms
[2024-02-18T14:22:50.666+0900][gc,marking  ] GC(5) Concurrent Preclean
[2024-02-18T14:22:50.666+0900][gc,marking  ] GC(5) Concurrent Preclean 0.075ms
[2024-02-18T14:22:50.666+0900][gc,start    ] GC(5) Pause Remark
[2024-02-18T14:22:50.679+0900][gc          ] GC(5) Pause Remark 144M->144M(1024M) 12.808ms
[2024-02-18T14:22:50.679+0900][gc,cpu      ] GC(5) User=0.01s Sys=0.02s Real=0.01s
[2024-02-18T14:22:50.679+0900][gc,marking  ] GC(5) Concurrent Mark 16.542ms
[2024-02-18T14:22:50.679+0900][gc,marking  ] GC(5) Concurrent Rebuild Remembered Sets
[2024-02-18T14:22:50.683+0900][gc,marking  ] GC(5) Concurrent Rebuild Remembered Sets 4.026ms
[2024-02-18T14:22:50.684+0900][gc,start    ] GC(5) Pause Cleanup
[2024-02-18T14:22:50.684+0900][gc          ] GC(5) Pause Cleanup 144M->144M(1024M) 0.116ms
[2024-02-18T14:22:50.684+0900][gc,cpu      ] GC(5) User=0.00s Sys=0.00s Real=0.00s
[2024-02-18T14:22:50.684+0900][gc,marking  ] GC(5) Concurrent Cleanup for Next Mark
[2024-02-18T14:22:50.687+0900][gc,marking  ] GC(5) Concurrent Cleanup for Next Mark 3.120ms
[2024-02-18T14:22:50.687+0900][gc          ] GC(5) Concurrent Mark Cycle 26.435ms
[2024-02-18T14:30:33.010+0900][gc,start    ] GC(6) Pause Young (Normal) (G1 Evacuation Pause)
[2024-02-18T14:30:33.011+0900][gc,task     ] GC(6) Using 8 workers of 8 for evacuation
[2024-02-18T14:30:33.031+0900][gc,phases   ] GC(6)   Pre Evacuate Collection Set: 0.6ms
[2024-02-18T14:30:33.031+0900][gc,phases   ] GC(6)   Merge Heap Roots: 0.2ms
[2024-02-18T14:30:33.031+0900][gc,phases   ] GC(6)   Evacuate Collection Set: 18.2ms
[2024-02-18T14:30:33.031+0900][gc,phases   ] GC(6)   Post Evacuate Collection Set: 0.9ms
[2024-02-18T14:30:33.031+0900][gc,phases   ] GC(6)   Other: 0.6ms
[2024-02-18T14:30:33.031+0900][gc,heap     ] GC(6) Eden regions: 49->0(48)
[2024-02-18T14:30:33.031+0900][gc,heap     ] GC(6) Survivor regions: 2->3(7)
[2024-02-18T14:30:33.031+0900][gc,heap     ] GC(6) Old regions: 14->14
[2024-02-18T14:30:33.031+0900][gc,heap     ] GC(6) Archive regions: 2->2
[2024-02-18T14:30:33.031+0900][gc,heap     ] GC(6) Humongous regions: 129->129
[2024-02-18T14:30:33.031+0900][gc,metaspace] GC(6) Metaspace: 40398K(40896K)->40398K(40896K) NonClass: 35794K(36096K)->35794K(36096K) Class: 4604K(4800K)->4604K(4800K)
[2024-02-18T14:30:33.031+0900][gc          ] GC(6) Pause Young (Normal) (G1 Evacuation Pause) 193M->145M(1024M) 20.584ms
[2024-02-18T14:30:33.031+0900][gc,cpu      ] GC(6) User=0.03s Sys=0.02s Real=0.02s
[2024-02-18T14:42:50.386+0900][gc,start    ] GC(7) Pause Young (Normal) (G1 Evacuation Pause)
[2024-02-18T14:42:50.386+0900][gc,task     ] GC(7) Using 8 workers of 8 for evacuation
[2024-02-18T14:42:50.413+0900][gc,mmu      ] GC(7) MMU target violated: 21.0ms (20.0ms/21.0ms)
[2024-02-18T14:42:50.413+0900][gc,phases   ] GC(7)   Pre Evacuate Collection Set: 0.3ms
[2024-02-18T14:42:50.413+0900][gc,phases   ] GC(7)   Merge Heap Roots: 0.1ms
[2024-02-18T14:42:50.413+0900][gc,phases   ] GC(7)   Evacuate Collection Set: 25.4ms
[2024-02-18T14:42:50.413+0900][gc,phases   ] GC(7)   Post Evacuate Collection Set: 0.8ms
[2024-02-18T14:42:50.413+0900][gc,phases   ] GC(7)   Other: 0.6ms
[2024-02-18T14:42:50.413+0900][gc,heap     ] GC(7) Eden regions: 48->0(47)
[2024-02-18T14:42:50.413+0900][gc,heap     ] GC(7) Survivor regions: 3->4(7)
[2024-02-18T14:42:50.413+0900][gc,heap     ] GC(7) Old regions: 14->14
[2024-02-18T14:42:50.413+0900][gc,heap     ] GC(7) Archive regions: 2->2
[2024-02-18T14:42:50.413+0900][gc,heap     ] GC(7) Humongous regions: 129->129
[2024-02-18T14:42:50.413+0900][gc,metaspace] GC(7) Metaspace: 41810K(42368K)->41810K(42368K) NonClass: 37184K(37504K)->37184K(37504K) Class: 4625K(4864K)->4625K(4864K)
[2024-02-18T14:42:50.413+0900][gc          ] GC(7) Pause Young (Normal) (G1 Evacuation Pause) 193M->146M(1024M) 27.295ms
[2024-02-18T14:42:50.413+0900][gc,cpu      ] GC(7) User=0.05s Sys=0.03s Real=0.03s
[2024-02-18T14:43:05.558+0900][gc,heap,exit] Heap
[2024-02-18T14:43:05.558+0900][gc,heap,exit]  garbage-first heap   total 1048576K, used 166455K [0x00000007c0000000, 0x0000000800000000)
[2024-02-18T14:43:05.558+0900][gc,heap,exit]   region size 1024K, 21 young (21504K), 4 survivors (4096K)
[2024-02-18T14:43:05.558+0900][gc,heap,exit]  Metaspace       used 43206K, committed 43776K, reserved 1114112K
[2024-02-18T14:43:05.558+0900][gc,heap,exit]   class space    used 4920K, committed 5184K, reserved 1048576K
